Archive member included because of file (symbol)

.\CortexM0\ARM_GCC_493\Debug\chargan.a(cyfitter_cfg.o)
                              .\CortexM0\ARM_GCC_493\Debug\Cm0Start.o (cyfitter_cfg)
.\CortexM0\ARM_GCC_493\Debug\chargan.a(BLE.o)
                              .\CortexM0\ARM_GCC_493\Debug\main.o (CyBle_Start)
.\CortexM0\ARM_GCC_493\Debug\chargan.a(BLE_gatt.o)
                              .\CortexM0\ARM_GCC_493\Debug\main.o (cyBle_state)
.\CortexM0\ARM_GCC_493\Debug\chargan.a(ble_eventHandler.o)
                              .\CortexM0\ARM_GCC_493\Debug\main.o (cyBle_connHandle)
.\CortexM0\ARM_GCC_493\Debug\chargan.a(BLE_custom.o)
                              .\CortexM0\ARM_GCC_493\Debug\chargan.a(BLE.o) (CyBle_CustomInit)
.\CortexM0\ARM_GCC_493\Debug\chargan.a(swint.o)
                              .\CortexM0\ARM_GCC_493\Debug\main.o (swint_StartEx)
.\CortexM0\ARM_GCC_493\Debug\chargan.a(PWMLEFT.o)
                              .\CortexM0\ARM_GCC_493\Debug\main.o (PWMLEFT_Stop)
.\CortexM0\ARM_GCC_493\Debug\chargan.a(PWMRIGHT.o)
                              .\CortexM0\ARM_GCC_493\Debug\main.o (PWMRIGHT_Stop)
.\CortexM0\ARM_GCC_493\Debug\chargan.a(QDLEFT.o)
                              .\CortexM0\ARM_GCC_493\Debug\main.o (QDLEFT_WriteCounter)
.\CortexM0\ARM_GCC_493\Debug\chargan.a(QDRIGHT.o)
                              .\CortexM0\ARM_GCC_493\Debug\main.o (QDRIGHT_WriteCounter)
.\CortexM0\ARM_GCC_493\Debug\chargan.a(tachPwm.o)
                              .\CortexM0\ARM_GCC_493\Debug\main.o (tachPwm_ReadStatusRegister)
.\CortexM0\ARM_GCC_493\Debug\chargan.a(tachTimer.o)
                              .\CortexM0\ARM_GCC_493\Debug\main.o (tachTimer_StartEx)
.\CortexM0\ARM_GCC_493\Debug\chargan.a(DIRLEFT.o)
                              .\CortexM0\ARM_GCC_493\Debug\main.o (DIRLEFT_Write)
.\CortexM0\ARM_GCC_493\Debug\chargan.a(DIRRIGHT.o)
                              .\CortexM0\ARM_GCC_493\Debug\main.o (DIRRIGHT_Write)
.\CortexM0\ARM_GCC_493\Debug\chargan.a(CyBootAsmGnu.o)
                              .\CortexM0\ARM_GCC_493\Debug\chargan.a(cyfitter_cfg.o) (CyDelayCycles)
.\CortexM0\ARM_GCC_493\Debug\chargan.a(CyLib.o)
                              .\CortexM0\ARM_GCC_493\Debug\chargan.a(cyfitter_cfg.o) (CySysClkWriteImoFreq)
.\CortexM0\ARM_GCC_493\Debug\chargan.a(CyLFClk.o)
                              .\CortexM0\ARM_GCC_493\Debug\chargan.a(cyfitter_cfg.o) (CySysClkWcoStart)
.\CortexM0\ARM_GCC_493\Debug\chargan.a(IND_RED.o)
                              .\CortexM0\ARM_GCC_493\Debug\main.o (IND_RED_Write)
.\CortexM0\ARM_GCC_493\Debug\chargan.a(IND_BLU.o)
                              .\CortexM0\ARM_GCC_493\Debug\main.o (IND_BLU_Write)
.\CortexM0\ARM_GCC_493\Debug\chargan.a(IND_GRN.o)
                              .\CortexM0\ARM_GCC_493\Debug\main.o (IND_GRN_Write)
.\CortexM0\ARM_GCC_493\Debug\chargan.a(button.o)
                              .\CortexM0\ARM_GCC_493\Debug\main.o (button_ClearInterrupt)
C:\Program Files (x86)\Cypress\PSoC Creator\3.3\PSoC Creator\psoc\content\cycomponentlibrary\CyComponentLibrary.cylib\BLE_v2_30\Library\gccCyBLEStack_BLE_SOC_PERIPHERAL.a(CyBle.o)
                              .\CortexM0\ARM_GCC_493\Debug\main.o (CyBle_EnterLPM)
C:\Program Files (x86)\Cypress\PSoC Creator\3.3\PSoC Creator\psoc\content\cycomponentlibrary\CyComponentLibrary.cylib\BLE_v2_30\Library\gccCyBLEStack_BLE_SOC_PERIPHERAL.a(CyBleStackMgrIP_Interface.o)
                              C:\Program Files (x86)\Cypress\PSoC Creator\3.3\PSoC Creator\psoc\content\cycomponentlibrary\CyComponentLibrary.cylib\BLE_v2_30\Library\gccCyBLEStack_BLE_SOC_PERIPHERAL.a(CyBle.o) (CyBleStackMgr_Init)
C:\Program Files (x86)\Cypress\PSoC Creator\3.3\PSoC Creator\psoc\content\cycomponentlibrary\CyComponentLibrary.cylib\BLE_v2_30\Library\gccCyBLEStack_BLE_SOC_PERIPHERAL.a(BT_os.o)
                              C:\Program Files (x86)\Cypress\PSoC Creator\3.3\PSoC Creator\psoc\content\cycomponentlibrary\CyComponentLibrary.cylib\BLE_v2_30\Library\gccCyBLEStack_BLE_SOC_PERIPHERAL.a(CyBleStackMgrIP_Interface.o) (cyBleStackMemoryConfig)
C:\Program Files (x86)\Cypress\PSoC Creator\3.3\PSoC Creator\psoc\content\cycomponentlibrary\CyComponentLibrary.cylib\BLE_v2_30\Library\gccCyBLEStack_BLE_SOC_PERIPHERAL.a(CyBleStackMgr_StackTaskHandler.o)
                              C:\Program Files (x86)\Cypress\PSoC Creator\3.3\PSoC Creator\psoc\content\cycomponentlibrary\CyComponentLibrary.cylib\BLE_v2_30\Library\gccCyBLEStack_BLE_SOC_PERIPHERAL.a(CyBleStackMgrIP_Interface.o) (CyBle_CreateBleStackTask)
C:\Program Files (x86)\Cypress\PSoC Creator\3.3\PSoC Creator\psoc\content\cycomponentlibrary\CyComponentLibrary.cylib\BLE_v2_30\Library\gccCyBLEStack_BLE_SOC_PERIPHERAL.a(transport_sf.o)
[...]
Memory Configuration

Name             Origin             Length             Attributes
rom              0x00000000         0x00020000         xr
ram              0x20000000         0x00004000         xrw
*default*        0x00000000         0xffffffff

Linker script and memory map

LOAD c:/program files (x86)/cypress/psoc creator/3.3/psoc creator/import/gnu/arm/4.9.3/bin/../lib/gcc/arm-none-eabi/4.9.3/armv6-m/crti.o
LOAD c:/program files (x86)/cypress/psoc creator/3.3/psoc creator/import/gnu/arm/4.9.3/bin/../lib/gcc/arm-none-eabi/4.9.3/armv6-m/crtbegin.o
LOAD c:/program files (x86)/cypress/psoc creator/3.3/psoc creator/import/gnu/arm/4.9.3/bin/../lib/gcc/arm-none-eabi/4.9.3/../../../../arm-none-eabi/lib/armv6-m/crt0.o
START GROUP
LOAD .\CortexM0\ARM_GCC_493\Debug\main.o
LOAD .\CortexM0\ARM_GCC_493\Debug\cymetadata.o
LOAD .\CortexM0\ARM_GCC_493\Debug\Cm0Start.o
LOAD .\CortexM0\ARM_GCC_493\Debug\chargan.a
LOAD C:\Program Files (x86)\Cypress\PSoC Creator\3.3\PSoC Creator\psoc\content\cycomponentlibrary\CyComponentLibrary.cylib\BLE_v2_30\Library\gccCyBLEStack_BLE_SOC_PERIPHERAL.a
LOAD C:\Program Files (x86)\Cypress\PSoC Creator\3.3\PSoC Creator\psoc\content\cycomponentlibrary\CyComponentLibrary.cylib\CortexM0\ARM_GCC_493\Debug\CyComponentLibrary.a
END GROUP
START GROUP
LOAD c:/program files (x86)/cypress/psoc creator/3.3/psoc creator/import/gnu/arm/4.9.3/bin/../lib/gcc/arm-none-eabi/4.9.3/armv6-m\libgcc.a
LOAD c:/program files (x86)/cypress/psoc creator/3.3/psoc creator/import/gnu/arm/4.9.3/bin/../lib/gcc/arm-none-eabi/4.9.3/../../../../arm-none-eabi/lib/armv6-m\libg_nano.a
LOAD c:/program files (x86)/cypress/psoc creator/3.3/psoc creator/import/gnu/arm/4.9.3/bin/../lib/gcc/arm-none-eabi/4.9.3/../../../../arm-none-eabi/lib/armv6-m\libc_nano.a
END GROUP
START GROUP
LOAD c:/program files (x86)/cypress/psoc creator/3.3/psoc creator/import/gnu/arm/4.9.3/bin/../lib/gcc/arm-none-eabi/4.9.3/armv6-m\libgcc.a
LOAD c:/program files (x86)/cypress/psoc creator/3.3/psoc creator/import/gnu/arm/4.9.3/bin/../lib/gcc/arm-none-eabi/4.9.3/../../../../arm-none-eabi/lib/armv6-m\libc_nano.a
END GROUP
LOAD c:/program files (x86)/cypress/psoc creator/3.3/psoc creator/import/gnu/arm/4.9.3/bin/../lib/gcc/arm-none-eabi/4.9.3/armv6-m/crtend.o
LOAD c:/program files (x86)/cypress/psoc creator/3.3/psoc creator/import/gnu/arm/4.9.3/bin/../lib/gcc/arm-none-eabi/4.9.3/armv6-m/crtn.o
START GROUP
LOAD c:/program files (x86)/cypress/psoc creator/3.3/psoc creator/import/gnu/arm/4.9.3/bin/../lib/gcc/arm-none-eabi/4.9.3/armv6-m\libgcc.a
LOAD c:/program files (x86)/cypress/psoc creator/3.3/psoc creator/import/gnu/arm/4.9.3/bin/../lib/gcc/arm-none-eabi/4.9.3/../../../../arm-none-eabi/lib/armv6-m\libc.a
LOAD c:/program files (x86)/cypress/psoc creator/3.3/psoc creator/import/gnu/arm/4.9.3/bin/../lib/gcc/arm-none-eabi/4.9.3/../../../../arm-none-eabi/lib/armv6-m\libnosys.a
END GROUP
                0x00000000                CY_APPL_ORIGIN = 0x0
                0x00000080                CY_FLASH_ROW_SIZE = 0x80
                0x00000001                CY_APPL_NUM = 0x1
                0x00000001                CY_APPL_MAX = 0x1
                0x00000040                CY_METADATA_SIZE = 0x40
                0x00000000                CY_APPL_LOADABLE = 0x0
                0x00000000                CY_CHECKSUM_EXCLUDE_SIZE = ALIGN (0x0, CY_FLASH_ROW_SIZE)
                0x00000000                CY_APP_FOR_STACK_AND_COPIER = 0x0
                0x20001e38                PROVIDE (__cy_heap_start, _end)
                0x00000001                PROVIDE (__cy_region_num, ((__cy_regions_end - __cy_regions) / 0x10))
                0x20004000                PROVIDE (__cy_stack, (ORIGIN (ram) + 0x4000))
                0x20003800                PROVIDE (__cy_heap_end, (__cy_stack - 0x800))

.cybootloader   0x00000000        0x0
 *(.cybootloader)
                0x00000000                appl1_start = CY_APPL_ORIGIN?CY_APPL_ORIGIN:ALIGN (CY_FLASH_ROW_SIZE)
                0x0000ff80                appl2_start = (appl1_start + ALIGN ((((0x20000 - appl1_start) - (0x2 * CY_FLASH_ROW_SIZE)) / 0x2), CY_FLASH_ROW_SIZE))
                0x00000000                appl_start = (CY_APPL_NUM == 0x1)?appl1_start:appl2_start
                0x00000001                cy_project_type_bootloader = (appl_start == 0x0)?0x1:0x0
                0x00000000                cy_project_type_app_for_stack_and_copier = (CY_APP_FOR_STACK_AND_COPIER == 0x1)?0x1:0x0

.text           0x00000000     0x1ae8
 CREATE_OBJECT_SYMBOLS
                0x00000000                PROVIDE (__cy_interrupt_vector, RomVectors)
 *(.romvectors)
 .romvectors    0x00000000       0x10 .\CortexM0\ARM_GCC_493\Debug\Cm0Start.o
                0x00000000                RomVectors
                0x00000001                ASSERT ((. != __cy_interrupt_vector), No interrupt vector)
                0x00000001                ASSERT (CY_APPL_ORIGIN?(SIZEOF (.cybootloader) <= CY_APPL_ORIGIN):0x1, Wrong image location)
                0x00000010                PROVIDE (__cy_reset, Reset)
 *(.text.Reset)
 .text.Reset    0x00000010        0x8 .\CortexM0\ARM_GCC_493\Debug\Cm0Start.o
                0x00000010                Reset
                0x00000001                ASSERT ((. != __cy_reset), No reset code)
 *(.psocinit)
 .psocinit      0x00000018      0x2d4 .\CortexM0\ARM_GCC_493\Debug\chargan.a(cyfitter_cfg.o)
                0x00000140                cyfitter_cfg
                0x000002ec                . = MAX (., 0x100)
 *(.text .text.* .gnu.linkonce.t.*)
 .text          0x000002ec       0x60 c:/program files (x86)/cypress/psoc creator/3.3/psoc creator/import/gnu/arm/4.9.3/bin/../lib/gcc/arm-none-eabi/4.9.3/armv6-m/crtbegin.o
 .text.swisr    0x0000034c       0x14 .\CortexM0\ARM_GCC_493\Debug\main.o
                0x0000034c                swisr
 .text.tachISR  0x00000360       0x14 .\CortexM0\ARM_GCC_493\Debug\main.o
                0x00000360                tachISR
 .text.copyInt  0x00000374       0x10 .\CortexM0\ARM_GCC_493\Debug\main.o
                0x00000374                copyInt
 .text.updateStatus
                0x00000384       0x70 .\CortexM0\ARM_GCC_493\Debug\main.o
                0x00000384                updateStatus
 .text.setSpeed
                0x000003f4       0x48 .\CortexM0\ARM_GCC_493\Debug\main.o
                0x000003f4                setSpeed
 .text.processCmd
                0x0000043c       0x30 .\CortexM0\ARM_GCC_493\Debug\main.o
                0x0000043c                processCmd
 .text.BleCallBack
                0x0000046c       0xf0 .\CortexM0\ARM_GCC_493\Debug\main.o
                0x0000046c                BleCallBack
 .text.handleMotor
                0x0000055c       0x40 .\CortexM0\ARM_GCC_493\Debug\main.o
                0x0000055c                handleMotor
 .text.main     0x0000059c       0xbc .\CortexM0\ARM_GCC_493\Debug\main.o
                0x0000059c                main
 .text.IntDefaultHandler
                0x00000658        0x4 .\CortexM0\ARM_GCC_493\Debug\Cm0Start.o
                0x00000658                IntDefaultHandler
 .text.Start_c  0x0000065c       0x48 .\CortexM0\ARM_GCC_493\Debug\Cm0Start.o
                0x0000065c                Start_c
 .text.initialize_psoc
                0x000006a4       0x54 .\CortexM0\ARM_GCC_493\Debug\Cm0Start.o
                0x000006a4                initialize_psoc
 .text.cfg_write_bytes32
                0x000006f8       0x34 .\CortexM0\ARM_GCC_493\Debug\chargan.a(cyfitter_cfg.o)
 .text.AnalogSetDefault
                0x0000072c       0x20 .\CortexM0\ARM_GCC_493\Debug\chargan.a(cyfitter_cfg.o)
 .text.CYMEMZERO
                0x0000074c        0xc .\CortexM0\ARM_GCC_493\Debug\chargan.a(cyfitter_cfg.o)
 .text.CyBle_ChangeAdLocalName
                0x00000758       0x78 .\CortexM0\ARM_GCC_493\Debug\chargan.a(BLE.o)
 .text.CyBle_ServiceInit
                0x000007d0        0x8 .\CortexM0\ARM_GCC_493\Debug\chargan.a(BLE.o)
                0x000007d0                CyBle_ServiceInit
 .text.CyBle_Init
                0x000007d8       0x34 .\CortexM0\ARM_GCC_493\Debug\chargan.a(BLE.o)
                0x000007d8                CyBle_Init
 .text.CyBle_Start
                0x0000080c       0x88 .\CortexM0\ARM_GCC_493\Debug\chargan.a(BLE.o)
                0x0000080c                CyBle_Start
 .text.CyBle_GappStartAdvertisement
                0x00000894       0x84 .\CortexM0\ARM_GCC_493\Debug\chargan.a(BLE.o)
                0x00000894                CyBle_GappStartAdvertisement
 .text.CyBle_ChangeAdDeviceAddress
                0x00000918        0x4 .\CortexM0\ARM_GCC_493\Debug\chargan.a(BLE.o)
                0x00000918                CyBle_ChangeAdDeviceAddress
 .text.CyBle_GapSetLocalName
                0x0000091c       0x4c .\CortexM0\ARM_GCC_493\Debug\chargan.a(BLE.o)
                0x0000091c                CyBle_GapSetLocalName
 .text.CyBle_Get16ByPtr
                0x00000968        0xc .\CortexM0\ARM_GCC_493\Debug\chargan.a(BLE.o)
                0x00000968                CyBle_Get16ByPtr
 .text.CyBle_GattsWriteEventHandler
                0x00000974       0x58 .\CortexM0\ARM_GCC_493\Debug\chargan.a(BLE_gatt.o)
                0x00000974                CyBle_GattsWriteEventHandler
 .text.CyBle_GattDisconnectEventHandler
                0x000009cc       0x10 .\CortexM0\ARM_GCC_493\Debug\chargan.a(ble_eventHandler.o)
 .text.CyBle_IsDeviceAddressValid
                0x000009dc       0x24 .\CortexM0\ARM_GCC_493\Debug\chargan.a(ble_eventHandler.o)
 .text.CyBle_WriteReqHandler
                0x00000a00       0x38 .\CortexM0\ARM_GCC_493\Debug\chargan.a(ble_eventHandler.o)
 .text.CyBle_EventHandler
                0x00000a38      0x210 .\CortexM0\ARM_GCC_493\Debug\chargan.a(ble_eventHandler.o)
                0x00000a38                CyBle_EventHandler
 .text.CyBle_CustomInit
                0x00000c48        0x4 .\CortexM0\ARM_GCC_493\Debug\chargan.a(BLE_custom.o)
                0x00000c48                CyBle_CustomInit
 .text.swint_SetVector
                0x00000c4c        0xc .\CortexM0\ARM_GCC_493\Debug\chargan.a(swint.o)
                0x00000c4c                swint_SetVector
 .text.swint_SetPriority
                0x00000c58       0x24 .\CortexM0\ARM_GCC_493\Debug\chargan.a(swint.o)
                0x00000c58                swint_SetPriority
 .text.swint_Enable
                0x00000c7c        0xc .\CortexM0\ARM_GCC_493\Debug\chargan.a(swint.o)
                0x00000c7c                swint_Enable
 .text.swint_Disable
                0x00000c88        0xc .\CortexM0\ARM_GCC_493\Debug\chargan.a(swint.o)
                0x00000c88                swint_Disable
 .text.swint_StartEx
                0x00000c94       0x1c .\CortexM0\ARM_GCC_493\Debug\chargan.a(swint.o)
                0x00000c94                swint_StartEx
 .text.PWMLEFT_Stop
                0x00000cb0       0x1c .\CortexM0\ARM_GCC_493\Debug\chargan.a(PWMLEFT.o)
                0x00000cb0                PWMLEFT_Stop
 .text.PWMLEFT_WriteCounter
                0x00000ccc       0x10 .\CortexM0\ARM_GCC_493\Debug\chargan.a(PWMLEFT.o)
                0x00000ccc                PWMLEFT_WriteCounter
 .text.PWMLEFT_WritePeriod
                0x00000cdc       0x10 .\CortexM0\ARM_GCC_493\Debug\chargan.a(PWMLEFT.o)
                0x00000cdc                PWMLEFT_WritePeriod
 .text.PWMLEFT_WriteCompare
                0x00000cec       0x10 .\CortexM0\ARM_GCC_493\Debug\chargan.a(PWMLEFT.o)
                0x00000cec                PWMLEFT_WriteCompare
 .text.PWMLEFT_TriggerCommand
                0x00000cfc       0x1c .\CortexM0\ARM_GCC_493\Debug\chargan.a(PWMLEFT.o)
                0x00000cfc                PWMLEFT_TriggerCommand
 .text.PWMLEFT_Enable
                0x00000d18       0x24 .\CortexM0\ARM_GCC_493\Debug\chargan.a(PWMLEFT.o)
                0x00000d18                PWMLEFT_Enable
 .text.PWMLEFT_SetInterruptMode
                0x00000d3c        0xc .\CortexM0\ARM_GCC_493\Debug\chargan.a(PWMLEFT.o)
                0x00000d3c                PWMLEFT_SetInterruptMode
 .text.PWMLEFT_Init
                0x00000d48       0x44 .\CortexM0\ARM_GCC_493\Debug\chargan.a(PWMLEFT.o)
                0x00000d48                PWMLEFT_Init
 .text.PWMLEFT_Start
                0x00000d8c       0x20 .\CortexM0\ARM_GCC_493\Debug\chargan.a(PWMLEFT.o)
                0x00000d8c                PWMLEFT_Start
 .text.PWMRIGHT_Stop
                0x00000dac       0x1c .\CortexM0\ARM_GCC_493\Debug\chargan.a(PWMRIGHT.o)
                0x00000dac                PWMRIGHT_Stop
 .text.PWMRIGHT_WriteCounter
                0x00000dc8       0x10 .\CortexM0\ARM_GCC_493\Debug\chargan.a(PWMRIGHT.o)
                0x00000dc8                PWMRIGHT_WriteCounter
 .text.PWMRIGHT_WritePeriod
                0x00000dd8       0x10 .\CortexM0\ARM_GCC_493\Debug\chargan.a(PWMRIGHT.o)
                0x00000dd8                PWMRIGHT_WritePeriod
 .text.PWMRIGHT_WriteCompare
                0x00000de8       0x10 .\CortexM0\ARM_GCC_493\Debug\chargan.a(PWMRIGHT.o)
                0x00000de8                PWMRIGHT_WriteCompare
 .text.PWMRIGHT_TriggerCommand
                0x00000df8       0x1c .\CortexM0\ARM_GCC_493\Debug\chargan.a(PWMRIGHT.o)
                0x00000df8                PWMRIGHT_TriggerCommand
 .text.PWMRIGHT_Enable
                0x00000e14       0x24 .\CortexM0\ARM_GCC_493\Debug\chargan.a(PWMRIGHT.o)
                0x00000e14                PWMRIGHT_Enable
 .text.PWMRIGHT_SetInterruptMode
                0x00000e38        0xc .\CortexM0\ARM_GCC_493\Debug\chargan.a(PWMRIGHT.o)
                0x00000e38                PWMRIGHT_SetInterruptMode
 .text.PWMRIGHT_Init
                0x00000e44       0x44 .\CortexM0\ARM_GCC_493\Debug\chargan.a(PWMRIGHT.o)
                0x00000e44                PWMRIGHT_Init
 .text.PWMRIGHT_Start
                0x00000e88       0x20 .\CortexM0\ARM_GCC_493\Debug\chargan.a(PWMRIGHT.o)
                0x00000e88                PWMRIGHT_Start
 .text.QDLEFT_Enable
                0x00000ea8       0x1c .\CortexM0\ARM_GCC_493\Debug\chargan.a(QDLEFT.o)
                0x00000ea8                QDLEFT_Enable
 .text.QDLEFT_WriteCounter
                0x00000ec4       0x10 .\CortexM0\ARM_GCC_493\Debug\chargan.a(QDLEFT.o)
                0x00000ec4                QDLEFT_WriteCounter
 .text.QDLEFT_ReadCounter
                0x00000ed4       0x10 .\CortexM0\ARM_GCC_493\Debug\chargan.a(QDLEFT.o)
                0x00000ed4                QDLEFT_ReadCounter
 .text.QDLEFT_SetCounterMode
                0x00000ee4       0x28 .\CortexM0\ARM_GCC_493\Debug\chargan.a(QDLEFT.o)
                0x00000ee4                QDLEFT_SetCounterMode
 .text.QDLEFT_WritePeriod
                0x00000f0c       0x10 .\CortexM0\ARM_GCC_493\Debug\chargan.a(QDLEFT.o)
                0x00000f0c                QDLEFT_WritePeriod
 .text.QDLEFT_TriggerCommand
                0x00000f1c       0x1c .\CortexM0\ARM_GCC_493\Debug\chargan.a(QDLEFT.o)
                0x00000f1c                QDLEFT_TriggerCommand
 .text.QDLEFT_SetInterruptMode
                0x00000f38        0xc .\CortexM0\ARM_GCC_493\Debug\chargan.a(QDLEFT.o)
                0x00000f38                QDLEFT_SetInterruptMode
 .text.QDLEFT_Init
                0x00000f44       0x3c .\CortexM0\ARM_GCC_493\Debug\chargan.a(QDLEFT.o)
                0x00000f44                QDLEFT_Init
 .text.QDLEFT_Start
                0x00000f80       0x20 .\CortexM0\ARM_GCC_493\Debug\chargan.a(QDLEFT.o)
                0x00000f80                QDLEFT_Start
 .text.QDRIGHT_Enable
                0x00000fa0       0x1c .\CortexM0\ARM_GCC_493\Debug\chargan.a(QDRIGHT.o)
                0x00000fa0                QDRIGHT_Enable
 .text.QDRIGHT_WriteCounter
                0x00000fbc       0x10 .\CortexM0\ARM_GCC_493\Debug\chargan.a(QDRIGHT.o)
                0x00000fbc                QDRIGHT_WriteCounter
 .text.QDRIGHT_ReadCounter
                0x00000fcc       0x10 .\CortexM0\ARM_GCC_493\Debug\chargan.a(QDRIGHT.o)
                0x00000fcc                QDRIGHT_ReadCounter
 .text.QDRIGHT_SetCounterMode
                0x00000fdc       0x28 .\CortexM0\ARM_GCC_493\Debug\chargan.a(QDRIGHT.o)
                0x00000fdc                QDRIGHT_SetCounterMode
 .text.QDRIGHT_WritePeriod
                0x00001004       0x10 .\CortexM0\ARM_GCC_493\Debug\chargan.a(QDRIGHT.o)
                0x00001004                QDRIGHT_WritePeriod
 .text.QDRIGHT_TriggerCommand
                0x00001014       0x1c .\CortexM0\ARM_GCC_493\Debug\chargan.a(QDRIGHT.o)
                0x00001014                QDRIGHT_TriggerCommand
 .text.QDRIGHT_SetInterruptMode
                0x00001030        0xc .\CortexM0\ARM_GCC_493\Debug\chargan.a(QDRIGHT.o)
                0x00001030                QDRIGHT_SetInterruptMode
 .text.QDRIGHT_Init
                0x0000103c       0x3c .\CortexM0\ARM_GCC_493\Debug\chargan.a(QDRIGHT.o)
                0x0000103c                QDRIGHT_Init
 .text.QDRIGHT_Start
                0x00001078       0x20 .\CortexM0\ARM_GCC_493\Debug\chargan.a(QDRIGHT.o)
                0x00001078                QDRIGHT_Start
 .text.tachPwm_Enable
                0x00001098       0x10 .\CortexM0\ARM_GCC_493\Debug\chargan.a(tachPwm.o)
                0x00001098                tachPwm_Enable
 .text.tachPwm_WriteCounter
                0x000010a8        0xc .\CortexM0\ARM_GCC_493\Debug\chargan.a(tachPwm.o)
                0x000010a8                tachPwm_WriteCounter
 .text.tachPwm_WritePeriod
                0x000010b4        0xc .\CortexM0\ARM_GCC_493\Debug\chargan.a(tachPwm.o)
                0x000010b4                tachPwm_WritePeriod
 .text.tachPwm_WriteCompare
                0x000010c0        0xc .\CortexM0\ARM_GCC_493\Debug\chargan.a(tachPwm.o)
                0x000010c0                tachPwm_WriteCompare
 .text.tachPwm_SetInterruptMode
                0x000010cc        0xc .\CortexM0\ARM_GCC_493\Debug\chargan.a(tachPwm.o)
                0x000010cc                tachPwm_SetInterruptMode
 .text.tachPwm_ReadStatusRegister
                0x000010d8        0xc .\CortexM0\ARM_GCC_493\Debug\chargan.a(tachPwm.o)
                0x000010d8                tachPwm_ReadStatusRegister
 .text.tachPwm_ReadCapture
                0x000010e4        0xc .\CortexM0\ARM_GCC_493\Debug\chargan.a(tachPwm.o)
                0x000010e4                tachPwm_ReadCapture
 .text.tachPwm_ClearFIFO
                0x000010f0       0x14 .\CortexM0\ARM_GCC_493\Debug\chargan.a(tachPwm.o)
                0x000010f0                tachPwm_ClearFIFO
 .text.tachPwm_Init
                0x00001104       0x50 .\CortexM0\ARM_GCC_493\Debug\chargan.a(tachPwm.o)
                0x00001104                tachPwm_Init
 .text.tachPwm_Start
                0x00001154       0x20 .\CortexM0\ARM_GCC_493\Debug\chargan.a(tachPwm.o)
                0x00001154                tachPwm_Start
 .text.tachTimer_SetVector
                0x00001174        0xc .\CortexM0\ARM_GCC_493\Debug\chargan.a(tachTimer.o)
                0x00001174                tachTimer_SetVector
 .text.tachTimer_SetPriority
                0x00001180       0x24 .\CortexM0\ARM_GCC_493\Debug\chargan.a(tachTimer.o)
                0x00001180                tachTimer_SetPriority
 .text.tachTimer_Enable
                0x000011a4        0xc .\CortexM0\ARM_GCC_493\Debug\chargan.a(tachTimer.o)
                0x000011a4                tachTimer_Enable
 .text.tachTimer_Disable
                0x000011b0        0xc .\CortexM0\ARM_GCC_493\Debug\chargan.a(tachTimer.o)
                0x000011b0                tachTimer_Disable
 .text.tachTimer_StartEx
                0x000011bc       0x1c .\CortexM0\ARM_GCC_493\Debug\chargan.a(tachTimer.o)
                0x000011bc                tachTimer_StartEx
 .text.DIRLEFT_Write
                0x000011d8       0x18 .\CortexM0\ARM_GCC_493\Debug\chargan.a(DIRLEFT.o)
                0x000011d8                DIRLEFT_Write
 .text.DIRRIGHT_Write
                0x000011f0       0x18 .\CortexM0\ARM_GCC_493\Debug\chargan.a(DIRRIGHT.o)
                0x000011f0                DIRRIGHT_Write
 .text          0x00001208       0x20 .\CortexM0\ARM_GCC_493\Debug\chargan.a(CyBootAsmGnu.o)
                0x00001208                CyDelayCycles
                0x0000121a                CyEnterCriticalSection
                0x00001222                CyExitCriticalSection
 .text.CySysClkWriteImoFreq
                0x00001228       0x64 .\CortexM0\ARM_GCC_493\Debug\chargan.a(CyLib.o)
                0x00001228                CySysClkWriteImoFreq
 .text.CySysClkEcoReadStatus
                0x0000128c       0x10 .\CortexM0\ARM_GCC_493\Debug\chargan.a(CyLib.o)
                0x0000128c                CySysClkEcoReadStatus
 .text.CyIntEnable
                0x0000129c       0x14 .\CortexM0\ARM_GCC_493\Debug\chargan.a(CyLib.o)
                0x0000129c                CyIntEnable
 .text.CyHalt   0x000012b0        0x4 .\CortexM0\ARM_GCC_493\Debug\chargan.a(CyLib.o)
                0x000012b0                CyHalt
 .text.CyIntSetVector
                0x000012b4       0x24 .\CortexM0\ARM_GCC_493\Debug\chargan.a(CyLib.o)
                0x000012b4                CyIntSetVector
 .text.CyDelayUs
                0x000012d8       0x14 .\CortexM0\ARM_GCC_493\Debug\chargan.a(CyLib.o)
                0x000012d8                CyDelayUs
 .text.CySysClkEcoStart
                0x000012ec       0x54 .\CortexM0\ARM_GCC_493\Debug\chargan.a(CyLib.o)
                0x000012ec                CySysClkEcoStart
 .text.CySysWdtLocked
                0x00001340       0x14 .\CortexM0\ARM_GCC_493\Debug\chargan.a(CyLFClk.o)
 .text.CySysClkWcoStart
                0x00001354       0x40 .\CortexM0\ARM_GCC_493\Debug\chargan.a(CyLFClk.o)
                0x00001354                CySysClkWcoStart
 .text.CySysClkWcoSetPowerMode
                0x00001394       0x80 .\CortexM0\ARM_GCC_493\Debug\chargan.a(CyLFClk.o)
                0x00001394                CySysClkWcoSetPowerMode
 .text.CySysWdtLock
                0x00001414       0x1c .\CortexM0\ARM_GCC_493\Debug\chargan.a(CyLFClk.o)
                0x00001414                CySysWdtLock
 .text.CySysWdtUnlock
                0x00001430       0x30 .\CortexM0\ARM_GCC_493\Debug\chargan.a(CyLFClk.o)
                0x00001430                CySysWdtUnlock
 .text.CySysWdtClearInterrupt
                0x00001460       0x4c .\CortexM0\ARM_GCC_493\Debug\chargan.a(CyLFClk.o)
                0x00001460                CySysWdtClearInterrupt
 .text.CySysWdtIsr
                0x000014ac       0xa4 .\CortexM0\ARM_GCC_493\Debug\chargan.a(CyLFClk.o)
                0x000014ac                CySysWdtIsr
 .text.IND_RED_Write
                0x00001550       0x18 .\CortexM0\ARM_GCC_493\Debug\chargan.a(IND_RED.o)
                0x00001550                IND_RED_Write
 .text.IND_BLU_Write
                0x00001568       0x18 .\CortexM0\ARM_GCC_493\Debug\chargan.a(IND_BLU.o)
                0x00001568                IND_BLU_Write
 .text.IND_GRN_Write
                0x00001580       0x18 .\CortexM0\ARM_GCC_493\Debug\chargan.a(IND_GRN.o)
                0x00001580                IND_GRN_Write
 .text.button_ClearInterrupt
                0x00001598       0x10 .\CortexM0\ARM_GCC_493\Debug\chargan.a(button.o)
                0x00001598                button_ClearInterrupt
 .text.CyBLE_Bless_LlRegWrite
                0x000015a8        0x4 .\CortexM0\ARM_GCC_493\Debug\chargan.a(ble_HAL_PVT.o)
                0x000015a8                CyBLE_Bless_LlRegWrite
 .text.CyBLE_Bless_RfRegWrite
                0x000015ac        0x4 .\CortexM0\ARM_GCC_493\Debug\chargan.a(ble_HAL_PVT.o)
                0x000015ac                CyBLE_Bless_RfRegWrite
 .text.CyBLE_BlessDeviceConfig
                0x000015b0       0xdc .\CortexM0\ARM_GCC_493\Debug\chargan.a(ble_HAL_PVT.o)
                0x000015b0                CyBLE_BlessDeviceConfig
 .text.CyBleHal_DelayUs
                0x0000168c        0x8 .\CortexM0\ARM_GCC_493\Debug\chargan.a(ble_HAL_PVT.o)
                0x0000168c                CyBleHal_DelayUs
 .text.CyBleHal_EnableGlobalInterrupts
                0x00001694        0x8 .\CortexM0\ARM_GCC_493\Debug\chargan.a(ble_HAL_PVT.o)
                0x00001694                CyBleHal_EnableGlobalInterrupts
 .text.CyBleHal_DisableGlobalInterrupts
                0x0000169c        0x8 .\CortexM0\ARM_GCC_493\Debug\chargan.a(ble_HAL_PVT.o)
                0x0000169c                CyBleHal_DisableGlobalInterrupts
 .text.CyBle_HalInit
                0x000016a4       0x18 .\CortexM0\ARM_GCC_493\Debug\chargan.a(ble_HAL_PVT.o)
                0x000016a4                CyBle_HalInit
 .text.CYBLE_BlessStart
                0x000016bc       0x10 .\CortexM0\ARM_GCC_493\Debug\chargan.a(ble_HAL_PVT.o)
                0x000016bc                CYBLE_BlessStart
 .text.BLE_bless_isr_SetVector
                0x000016cc        0xc .\CortexM0\ARM_GCC_493\Debug\chargan.a(ble_bless_isr.o)
                0x000016cc                BLE_bless_isr_SetVector
 .text.BLE_bless_isr_SetPriority
                0x000016d8       0x20 .\CortexM0\ARM_GCC_493\Debug\chargan.a(ble_bless_isr.o)
                0x000016d8                BLE_bless_isr_SetPriority
 .text.BLE_bless_isr_Enable
                0x000016f8       0x10 .\CortexM0\ARM_GCC_493\Debug\chargan.a(ble_bless_isr.o)
                0x000016f8                BLE_bless_isr_Enable
 .text.BLE_bless_isr_Disable
                0x00001708       0x10 .\CortexM0\ARM_GCC_493\Debug\chargan.a(ble_bless_isr.o)
                0x00001708                BLE_bless_isr_Disable
 .text.BLE_bless_isr_StartEx
                0x00001718       0x1c .\CortexM0\ARM_GCC_493\Debug\chargan.a(ble_bless_isr.o)
                0x00001718                BLE_bless_isr_StartEx
 .text.CySysPmSleep
                0x00001734       0x1c .\CortexM0\ARM_GCC_493\Debug\chargan.a(cyPm.o)
                0x00001734                CySysPmSleep
 .text.CyBLE_Bless_Interrupt
                0x00001750        0x8 .\CortexM0\ARM_GCC_493\Debug\chargan.a(ble_HAL_INT.o)
                0x00001750                CyBLE_Bless_Interrupt
 .text          0x00001758      0x120 c:/program files (x86)/cypress/psoc creator/3.3/psoc creator/import/gnu/arm/4.9.3/bin/../lib/gcc/arm-none-eabi/4.9.3/armv6-m\libgcc.a(_udivsi3.o)
                0x00001758                __aeabi_uidiv
                0x00001758                __udivsi3
                0x00001864                __aeabi_uidivmod
 .text          0x00001878      0x1e0 c:/program files (x86)/cypress/psoc creator/3.3/psoc creator/import/gnu/arm/4.9.3/bin/../lib/gcc/arm-none-eabi/4.9.3/armv6-m\libgcc.a(_divsi3.o)
                0x00001878                __divsi3
                0x00001878                __aeabi_idiv
                0x00001a44                __aeabi_idivmod
 .text          0x00001a58        0x4 c:/program files (x86)/cypress/psoc creator/3.3/psoc creator/import/gnu/arm/4.9.3/bin/../lib/gcc/arm-none-eabi/4.9.3/armv6-m\libgcc.a(_dvmd_tls.o)
                0x00001a58                __aeabi_idiv0
                0x00001a58                __aeabi_ldiv0
 .text.__libc_init_array
                0x00001a5c       0x4c c:/program files (x86)/cypress/psoc creator/3.3/psoc creator/import/gnu/arm/4.9.3/bin/../lib/gcc/arm-none-eabi/4.9.3/../../../../arm-none-eabi/lib/armv6-m\libg_nano.a(lib_a-init.o)
                0x00001a5c                __libc_init_array
 .text.memcmp   0x00001aa8       0x1e c:/program files (x86)/cypress/psoc creator/3.3/psoc creator/import/gnu/arm/4.9.3/bin/../lib/gcc/arm-none-eabi/4.9.3/../../../../arm-none-eabi/lib/armv6-m\libg_nano.a(lib_a-memcmp.o)
                0x00001aa8                memcmp
 .text.memcpy   0x00001ac6       0x12 c:/program files (x86)/cypress/psoc creator/3.3/psoc creator/import/gnu/arm/4.9.3/bin/../lib/gcc/arm-none-eabi/4.9.3/../../../../arm-none-eabi/lib/armv6-m\libg_nano.a(lib_a-memcpy.o)
                0x00001ac6                memcpy
 .text.memset   0x00001ad8       0x10 c:/program files (x86)/cypress/psoc creator/3.3/psoc creator/import/gnu/arm/4.9.3/bin/../lib/gcc/arm-none-eabi/4.9.3/../../../../arm-none-eabi/lib/armv6-m\libg_nano.a(lib_a-memset.o)
                0x00001ad8                memset
 *(.plt)
 *(.gnu.warning)
 *(.glue_7t)
 .glue_7t       0x00000000        0x0 linker stubs
 *(.glue_7)
 .glue_7        0x00000000        0x0 linker stubs
 *(.vfp11_veneer)
 .vfp11_veneer  0x00000000        0x0 linker stubs
 *(.bootloader)
 *(.ARM.extab* .gnu.linkonce.armextab.*)
 *(.gcc_except_table)

.v4_bx          0x00001ae8        0x0
 .v4_bx         0x00000000        0x0 linker stubs

.iplt           0x00001ae8        0x0
 .iplt          0x00000000        0x0 c:/program files (x86)/cypress/psoc creator/3.3/psoc creator/import/gnu/arm/4.9.3/bin/../lib/gcc/arm-none-eabi/4.9.3/armv6-m/crtbegin.o

i.CyBle_EnterLPM
                0x00001ae8        0x8
 i.CyBle_EnterLPM
                0x00001ae8        0x8 C:\Program Files (x86)\Cypress\PSoC Creator\3.3\PSoC Creator\psoc\content\cycomponentlibrary\CyComponentLibrary.cylib\BLE_v2_30\Library\gccCyBLEStack_BLE_SOC_PERIPHERAL.a(CyBle.o)
                0x00001ae8                CyBle_EnterLPM

i.CyBle_ExitLPM
                0x00001af0        0x8
 i.CyBle_ExitLPM
                0x00001af0        0x8 C:\Program Files (x86)\Cypress\PSoC Creator\3.3\PSoC Creator\psoc\content\cycomponentlibrary\CyComponentLibrary.cylib\BLE_v2_30\Library\gccCyBLEStack_BLE_SOC_PERIPHERAL.a(CyBle.o)
                0x00001af0                CyBle_ExitLPM

i.CyBle_ProcessEvents
                0x00001af8        0x8
 i.CyBle_ProcessEvents
                0x00001af8        0x8 C:\Program Files (x86)\Cypress\PSoC Creator\3.3\PSoC Creator\psoc\content\cycomponentlibrary\CyComponentLibrary.cylib\BLE_v2_30\Library\gccCyBLEStack_BLE_SOC_PERIPHERAL.a(CyBle.o)
                0x00001af8                CyBle_ProcessEvents

i.CyBle_SetDeviceAddress
                0x00001b00       0x24
 i.CyBle_SetDeviceAddress
                0x00001b00       0x24 C:\Program Files (x86)\Cypress\PSoC Creator\3.3\PSoC Creator\psoc\content\cycomponentlibrary\CyComponentLibrary.cylib\BLE_v2_30\Library\gccCyBLEStack_BLE_SOC_PERIPHERAL.a(CyBle.o)
                0x00001b00                CyBle_SetDeviceAddress

i.CyBle_StackInit
                0x00001b24       0xfc
 i.CyBle_StackInit
                0x00001b24       0xfc C:\Program Files (x86)\Cypress\PSoC Creator\3.3\PSoC Creator\psoc\content\cycomponentlibrary\CyComponentLibrary.cylib\BLE_v2_30\Library\gccCyBLEStack_BLE_SOC_PERIPHERAL.a(CyBle.o)
                0x00001b24                CyBle_StackInit

i.CyBle_StackValidateInputParams
                0x00001c20       0xf4
 i.CyBle_StackValidateInputParams
                0x00001c20       0xf4 C:\Program Files (x86)\Cypress\PSoC Creator\3.3\PSoC Creator\psoc\content\cycomponentlibrary\CyComponentLibrary.cylib\BLE_v2_30\Library\gccCyBLEStack_BLE_SOC_PERIPHERAL.a(CyBle.o)

i.__ARM_common_switch8
                0x00001d14       0x1a
 i.__ARM_common_switch8
                0x00001d14       0x1a C:\Program Files (x86)\Cypress\PSoC Creator\3.3\PSoC Creator\psoc\content\cycomponentlibrary\CyComponentLibrary.cylib\BLE_v2_30\Library\gccCyBLEStack_BLE_SOC_PERIPHERAL.a(CyBle.o)
                0x00001d14                __ARM_common_switch8

i.CyBleStackMgr_Init
                0x00001d30       0x9c
 i.CyBleStackMgr_Init
                0x00001d30       0x9c C:\Program Files (x86)\Cypress\PSoC Creator\3.3\PSoC Creator\psoc\content\cycomponentlibrary\CyComponentLibrary.cylib\BLE_v2_30\Library\gccCyBLEStack_BLE_SOC_PERIPHERAL.a(CyBleStackMgrIP_Interface.o)
                0x00001d30                CyBleStackMgr_Init

i.CyBleStackMgr_ProcessBleEvents
                0x00001dcc       0x14
 i.CyBleStackMgr_ProcessBleEvents
                0x00001dcc       0x14 C:\Program Files (x86)\Cypress\PSoC Creator\3.3\PSoC Creator\psoc\content\cycomponentlibrary\CyComponentLibrary.cylib\BLE_v2_30\Library\gccCyBLEStack_BLE_SOC_PERIPHERAL.a(CyBleStackMgrIP_Interface.o)
                0x00001dcc                CyBleStackMgr_ProcessBleEvents

i.CyBle_GetHeapMemory
                0x00001de0       0x28
 i.CyBle_GetHeapMemory
                0x00001de0       0x28 C:\Program Files (x86)\Cypress\PSoC Creator\3.3\PSoC Creator\psoc\content\cycomponentlibrary\CyComponentLibrary.cylib\BLE_v2_30\Library\gccCyBLEStack_BLE_SOC_PERIPHERAL.a(CyBleStackMgrIP_Interface.o)
                0x00001de0                CyBle_GetHeapMemory

i.CyBle_GetNumAppBufferPools
                0x00001e08        0xc
 i.CyBle_GetNumAppBufferPools
                0x00001e08        0xc C:\Program Files (x86)\Cypress\PSoC Creator\3.3\PSoC Creator\psoc\content\cycomponentlibrary\CyComponentLibrary.cylib\BLE_v2_30\Library\gccCyBLEStack_BLE_SOC_PERIPHERAL.a(CyBleStackMgrIP_Interface.o)
                0x00001e08                CyBle_GetNumAppBufferPools

i.CyBle_HostStackBufferPoolInit
                0x00001e14       0xec
 i.CyBle_HostStackBufferPoolInit
                0x00001e14       0xec C:\Program Files (x86)\Cypress\PSoC Creator\3.3\PSoC Creator\psoc\content\cycomponentlibrary\CyComponentLibrary.cylib\BLE_v2_30\Library\gccCyBLEStack_BLE_SOC_PERIPHERAL.a(CyBleStackMgrIP_Interface.o)

i.ble_stack_idle_task_callback
                0x00001f00        0x2
 i.ble_stack_idle_task_callback
                0x00001f00        0x2 C:\Program Files (x86)\Cypress\PSoC Creator\3.3\PSoC Creator\psoc\content\cycomponentlibrary\CyComponentLibrary.cylib\BLE_v2_30\Library\gccCyBLEStack_BLE_SOC_PERIPHERAL.a(CyBleStackMgrIP_Interface.o)
                0x00001f00                ble_stack_idle_task_callback

i.BT_OSFreeBuf  0x00001f04       0x20
 i.BT_OSFreeBuf
                0x00001f04       0x20 C:\Program Files (x86)\Cypress\PSoC Creator\3.3\PSoC Creator\psoc\content\cycomponentlibrary\CyComponentLibrary.cylib\BLE_v2_30\Library\gccCyBLEStack_BLE_SOC_PERIPHERAL.a(BT_os.o)
                0x00001f04                BT_OSFreeBuf

i.BT_OSGetBuF   0x00001f24       0x34
 i.BT_OSGetBuF  0x00001f24       0x34 C:\Program Files (x86)\Cypress\PSoC Creator\3.3\PSoC Creator\psoc\content\cycomponentlibrary\CyComponentLibrary.cylib\BLE_v2_30\Library\gccCyBLEStack_BLE_SOC_PERIPHERAL.a(BT_os.o)
                0x00001f24                BT_OSGetBuF

i.BT_OSMemCreate
                0x00001f58       0x3c
 i.BT_OSMemCreate
                0x00001f58       0x3c C:\Program Files (x86)\Cypress\PSoC Creator\3.3\PSoC Creator\psoc\content\cycomponentlibrary\CyComponentLibrary.cylib\BLE_v2_30\Library\gccCyBLEStack_BLE_SOC_PERIPHERAL.a(BT_os.o)
                0x00001f58                BT_OSMemCreate

i.BT_alloc_mem_ext
                0x00001f94       0x3c
 i.BT_alloc_mem_ext
                0x00001f94       0x3c C:\Program Files (x86)\Cypress\PSoC Creator\3.3\PSoC Creator\psoc\content\cycomponentlibrary\CyComponentLibrary.cylib\BLE_v2_30\Library\gccCyBLEStack_BLE_SOC_PERIPHERAL.a(BT_os.o)
                0x00001f94                BT_alloc_mem_ext

i.BT_free_mem   0x00001fd0        0xc
 i.BT_free_mem  0x00001fd0        0xc C:\Program Files (x86)\Cypress\PSoC Creator\3.3\PSoC Creator\psoc\content\cycomponentlibrary\CyComponentLibrary.cylib\BLE_v2_30\Library\gccCyBLEStack_BLE_SOC_PERIPHERAL.a(BT_os.o)
                0x00001fd0                BT_free_mem

i.bt_stack_create_buffer_pool
                0x00001fdc       0x30
 i.bt_stack_create_buffer_pool
                0x00001fdc       0x30 C:\Program Files (x86)\Cypress\PSoC Creator\3.3\PSoC Creator\psoc\content\cycomponentlibrary\CyComponentLibrary.cylib\BLE_v2_30\Library\gccCyBLEStack_BLE_SOC_PERIPHERAL.a(BT_os.o)
                0x00001fdc                bt_stack_create_buffer_pool

i.CyBle_CheckBleStackTaskStatus
                0x0000200c        0x4
 i.CyBle_CheckBleStackTaskStatus
                0x0000200c        0x4 C:\Program Files (x86)\Cypress\PSoC Creator\3.3\PSoC Creator\psoc\content\cycomponentlibrary\CyComponentLibrary.cylib\BLE_v2_30\Library\gccCyBLEStack_BLE_SOC_PERIPHERAL.a(CyBleStackMgr_StackTaskHandler.o)
                0x0000200c                CyBle_CheckBleStackTaskStatus

i.CyBle_CreateBleStackTask
                0x00002010       0x2c
 i.CyBle_CreateBleStackTask
                0x00002010       0x2c C:\Program Files (x86)\Cypress\PSoC Creator\3.3\PSoC Creator\psoc\content\cycomponentlibrary\CyComponentLibrary.cylib\BLE_v2_30\Library\gccCyBLEStack_BLE_SOC_PERIPHERAL.a(CyBleStackMgr_StackTaskHandler.o)
                0x00002010                CyBle_CreateBleStackTask

i.CyBle_SignalBleStackTask
                0x0000203c       0x50
 i.CyBle_SignalBleStackTask
                0x0000203c       0x50 C:\Program Files (x86)\Cypress\PSoC Creator\3.3\PSoC Creator\psoc\content\cycomponentlibrary\CyComponentLibrary.cylib\BLE_v2_30\Library\gccCyBLEStack_BLE_SOC_PERIPHERAL.a(CyBleStackMgr_StackTaskHandler.o)
                0x0000203c                CyBle_SignalBleStackTask

i.CyBle_StackTaskHandler
                0x0000208c       0x5c
 i.CyBle_StackTaskHandler
                0x0000208c       0x5c C:\Program Files (x86)\Cypress\PSoC Creator\3.3\PSoC Creator\psoc\content\cycomponentlibrary\CyComponentLibrary.cylib\BLE_v2_30\Library\gccCyBLEStack_BLE_SOC_PERIPHERAL.a(CyBleStackMgr_StackTaskHandler.o)
                0x0000208c                CyBle_StackTaskHandler

i.hci_soft_transport_notify_data_received
                0x000020e8        0xc
 i.hci_soft_transport_notify_data_received
                0x000020e8        0xc C:\Program Files (x86)\Cypress\PSoC Creator\3.3\PSoC Creator\psoc\content\cycomponentlibrary\CyComponentLibrary.cylib\BLE_v2_30\Library\gccCyBLEStack_BLE_SOC_PERIPHERAL.a(transport_sf.o)
                0x000020e8                hci_soft_transport_notify_data_received

i.hci_soft_transport_rx_data
                0x000020f4       0x40
 i.hci_soft_transport_rx_data
                0x000020f4       0x40 C:\Program Files (x86)\Cypress\PSoC Creator\3.3\PSoC Creator\psoc\content\cycomponentlibrary\CyComponentLibrary.cylib\BLE_v2_30\Library\gccCyBLEStack_BLE_SOC_PERIPHERAL.a(transport_sf.o)
                0x000020f4                hci_soft_transport_rx_data

i.hci_transport_bt_init
                0x00002134        0x2
 i.hci_transport_bt_init
                0x00002134        0x2 C:\Program Files (x86)\Cypress\PSoC Creator\3.3\PSoC Creator\psoc\content\cycomponentlibrary\CyComponentLibrary.cylib\BLE_v2_30\Library\gccCyBLEStack_BLE_SOC_PERIPHERAL.a(transport_sf.o)
                0x00002134                hci_transport_bt_init

i.hci_transport_init
                0x00002138       0x10
 i.hci_transport_init
                0x00002138       0x10 C:\Program Files (x86)\Cypress\PSoC Creator\3.3\PSoC Creator\psoc\content\cycomponentlibrary\CyComponentLibrary.cylib\BLE_v2_30\Library\gccCyBLEStack_BLE_SOC_PERIPHERAL.a(transport_sf.o)
                0x00002138                hci_transport_init

i.hci_transport_write_data
                0x00002148       0xd4
 i.hci_transport_write_data
                0x00002148       0xd4 C:\Program Files (x86)\Cypress\PSoC Creator\3.3\PSoC Creator\psoc\content\cycomponentlibrary\CyComponentLibrary.cylib\BLE_v2_30\Library\gccCyBLEStack_BLE_SOC_PERIPHERAL.a(transport_sf.o)
                0x00002148                hci_transport_write_data

i.pf_hci_soft_transport_write
                0x0000221c       0x44
 i.pf_hci_soft_transport_write
                0x0000221c       0x44 C:\Program Files (x86)\Cypress\PSoC Creator\3.3\PSoC Creator\psoc\content\cycomponentlibrary\CyComponentLibrary.cylib\BLE_v2_30\Library\gccCyBLEStack_BLE_SOC_PERIPHERAL.a(transport_sf.o)
                0x0000221c                pf_hci_soft_transport_write

i.pf_soft_hci_transport_init
                0x00002260        0xc
 i.pf_soft_hci_transport_init
                0x00002260        0xc C:\Program Files (x86)\Cypress\PSoC Creator\3.3\PSoC Creator\psoc\content\cycomponentlibrary\CyComponentLibrary.cylib\BLE_v2_30\Library\gccCyBLEStack_BLE_SOC_PERIPHERAL.a(transport_sf.o)
                0x00002260                pf_soft_hci_transport_init

i.CyBleStackMgr_GetTime
                0x0000226c       0x14
 i.CyBleStackMgr_GetTime
                0x0000226c       0x14 C:\Program Files (x86)\Cypress\PSoC Creator\3.3\PSoC Creator\psoc\content\cycomponentlibrary\CyComponentLibrary.cylib\BLE_v2_30\Library\gccCyBLEStack_BLE_SOC_PERIPHERAL.a(CyBleStackMgr_PSoCHal.o)
                0x0000226c                CyBleStackMgr_GetTime

i.CyBleStackMgr_HalInit
                0x00002280       0x24
 i.CyBleStackMgr_HalInit
                0x00002280       0x24 C:\Program Files (x86)\Cypress\PSoC Creator\3.3\PSoC Creator\psoc\content\cycomponentlibrary\CyComponentLibrary.cylib\BLE_v2_30\Library\gccCyBLEStack_BLE_SOC_PERIPHERAL.a(CyBleStackMgr_PSoCHal.o)
                0x00002280                CyBleStackMgr_HalInit

i.CyBleStackMgr_HalIntrEnable
                0x000022a4        0x8
 i.CyBleStackMgr_HalIntrEnable
                0x000022a4        0x8 C:\Program Files (x86)\Cypress\PSoC Creator\3.3\PSoC Creator\psoc\content\cycomponentlibrary\CyComponentLibrary.cylib\BLE_v2_30\Library\gccCyBLEStack_BLE_SOC_PERIPHERAL.a(CyBleStackMgr_PSoCHal.o)
                0x000022a4                CyBleStackMgr_HalIntrEnable

i.CyBleStackMgr_HandleLinkLayerTick
                0x000022ac       0x5c
 i.CyBleStackMgr_HandleLinkLayerTick
                0x000022ac       0x5c C:\Program Files (x86)\Cypress\PSoC Creator\3.3\PSoC Creator\psoc\content\cycomponentlibrary\CyComponentLibrary.cylib\BLE_v2_30\Library\gccCyBLEStack_BLE_SOC_PERIPHERAL.a(CyBleStackMgr_PSoCHal.o)
                0x000022ac                CyBleStackMgr_HandleLinkLayerTick

i.CyBleStackMgr_HciPortInit
                0x00002308        0xc
 i.CyBleStackMgr_HciPortInit
                0x00002308        0xc C:\Program Files (x86)\Cypress\PSoC Creator\3.3\PSoC Creator\psoc\content\cycomponentlibrary\CyComponentLibrary.cylib\BLE_v2_30\Library\gccCyBLEStack_BLE_SOC_PERIPHERAL.a(CyBleStackMgr_PSoCHal.o)
                0x00002308                CyBleStackMgr_HciPortInit

i.CyBleStackMgr_HciPortReset
                0x00002314        0x2
 i.CyBleStackMgr_HciPortReset
                0x00002314        0x2 C:\Program Files (x86)\Cypress\PSoC Creator\3.3\PSoC Creator\psoc\content\cycomponentlibrary\CyComponentLibrary.cylib\BLE_v2_30\Library\gccCyBLEStack_BLE_SOC_PERIPHERAL.a(CyBleStackMgr_PSoCHal.o)
                0x00002314                CyBleStackMgr_HciPortReset

i.CyBleStackMgr_HciPortWrite
                0x00002316        0x8
 i.CyBleStackMgr_HciPortWrite
                0x00002316        0x8 C:\Program Files (x86)\Cypress\PSoC Creator\3.3\PSoC Creator\psoc\content\cycomponentlibrary\CyComponentLibrary.cylib\BLE_v2_30\Library\gccCyBLEStack_BLE_SOC_PERIPHERAL.a(CyBleStackMgr_PSoCHal.o)
                0x00002316                CyBleStackMgr_HciPortWrite

i.CyBleStackMgr_ResetLinkLayerTimerEntity
                0x00002320       0x14
 i.CyBleStackMgr_ResetLinkLayerTimerEntity
                0x00002320       0x14 C:\Program Files (x86)\Cypress\PSoC Creator\3.3\PSoC Creator\psoc\content\cycomponentlibrary\CyComponentLibrary.cylib\BLE_v2_30\Library\gccCyBLEStack_BLE_SOC_PERIPHERAL.a(CyBleStackMgr_PSoCHal.o)
                0x00002320                CyBleStackMgr_ResetLinkLayerTimerEntity

i.CyBleStackMgr_TimerStart
                0x00002334       0x2c
 i.CyBleStackMgr_TimerStart
                0x00002334       0x2c C:\Program Files (x86)\Cypress\PSoC Creator\3.3\PSoC Creator\psoc\content\cycomponentlibrary\CyComponentLibrary.cylib\BLE_v2_30\Library\gccCyBLEStack_BLE_SOC_PERIPHERAL.a(CyBleStackMgr_PSoCHal.o)
                0x00002334                CyBleStackMgr_TimerStart

i.CyBleStackMgr_TimerStop
                0x00002360       0x18
 i.CyBleStackMgr_TimerStop
                0x00002360       0x18 C:\Program Files (x86)\Cypress\PSoC Creator\3.3\PSoC Creator\psoc\content\cycomponentlibrary\CyComponentLibrary.cylib\BLE_v2_30\Library\gccCyBLEStack_BLE_SOC_PERIPHERAL.a(CyBleStackMgr_PSoCHal.o)
                0x00002360                CyBleStackMgr_TimerStop

i.CyBleStackMgr_isTimerRunning
                0x00002378       0x10
 i.CyBleStackMgr_isTimerRunning
                0x00002378       0x10 C:\Program Files (x86)\Cypress\PSoC Creator\3.3\PSoC Creator\psoc\content\cycomponentlibrary\CyComponentLibrary.cylib\BLE_v2_30\Library\gccCyBLEStack_BLE_SOC_PERIPHERAL.a(CyBleStackMgr_PSoCHal.o)
                0x00002378                CyBleStackMgr_isTimerRunning

i.CyBleAtlantisRadioInit
                0x00002388      0x110
 i.CyBleAtlantisRadioInit
                0x00002388      0x110 C:\Program Files (x86)\Cypress\PSoC Creator\3.3\PSoC Creator\psoc\content\cycomponentlibrary\CyComponentLibrary.cylib\BLE_v2_30\Library\gccCyBLEStack_BLE_SOC_PERIPHERAL.a(CyBleStackMgr_BleSSDriver.o)

i.CyBleStackMgr_BleSSFifoRead
                0x00002498       0x38
 i.CyBleStackMgr_BleSSFifoRead
                0x00002498       0x38 C:\Program Files (x86)\Cypress\PSoC Creator\3.3\PSoC Creator\psoc\content\cycomponentlibrary\CyComponentLibrary.cylib\BLE_v2_30\Library\gccCyBLEStack_BLE_SOC_PERIPHERAL.a(CyBleStackMgr_BleSSDriver.o)
                0x00002498                CyBleStackMgr_BleSSFifoRead

i.CyBleStackMgr_BleSSFifoWrite
                0x000024d0       0x30
 i.CyBleStackMgr_BleSSFifoWrite
                0x000024d0       0x30 C:\Program Files (x86)\Cypress\PSoC Creator\3.3\PSoC Creator\psoc\content\cycomponentlibrary\CyComponentLibrary.cylib\BLE_v2_30\Library\gccCyBLEStack_BLE_SOC_PERIPHERAL.a(CyBleStackMgr_BleSSDriver.o)
                0x000024d0                CyBleStackMgr_BleSSFifoWrite

i.CyBleStackMgr_BleSSInit
                0x00002500       0x50
 i.CyBleStackMgr_BleSSInit
                0x00002500       0x50 C:\Program Files (x86)\Cypress\PSoC Creator\3.3\PSoC Creator\psoc\content\cycomponentlibrary\CyComponentLibrary.cylib\BLE_v2_30\Library\gccCyBLEStack_BLE_SOC_PERIPHERAL.a(CyBleStackMgr_BleSSDriver.o)
                0x00002500                CyBleStackMgr_BleSSInit

i.CyBleStackMgr_BleSSMemRead
                0x00002550       0x26
 i.CyBleStackMgr_BleSSMemRead
                0x00002550       0x26 C:\Program Files (x86)\Cypress\PSoC Creator\3.3\PSoC Creator\psoc\content\cycomponentlibrary\CyComponentLibrary.cylib\BLE_v2_30\Library\gccCyBLEStack_BLE_SOC_PERIPHERAL.a(CyBleStackMgr_BleSSDriver.o)
                0x00002550                CyBleStackMgr_BleSSMemRead

i.CyBleStackMgr_BleSSMemWrite
                0x00002578       0x34
 i.CyBleStackMgr_BleSSMemWrite
                0x00002578       0x34 C:\Program Files (x86)\Cypress\PSoC Creator\3.3\PSoC Creator\psoc\content\cycomponentlibrary\CyComponentLibrary.cylib\BLE_v2_30\Library\gccCyBLEStack_BLE_SOC_PERIPHERAL.a(CyBleStackMgr_BleSSDriver.o)
                0x00002578                CyBleStackMgr_BleSSMemWrite

i.CyBleStackMgr_BleSSRegRead
                0x000025ac        0xc
 i.CyBleStackMgr_BleSSRegRead
                0x000025ac        0xc C:\Program Files (x86)\Cypress\PSoC Creator\3.3\PSoC Creator\psoc\content\cycomponentlibrary\CyComponentLibrary.cylib\BLE_v2_30\Library\gccCyBLEStack_BLE_SOC_PERIPHERAL.a(CyBleStackMgr_BleSSDriver.o)
                0x000025ac                CyBleStackMgr_BleSSRegRead

i.CyBleStackMgr_BleSSRegWrite
                0x000025b8        0xc
 i.CyBleStackMgr_BleSSRegWrite
                0x000025b8        0xc C:\Program Files (x86)\Cypress\PSoC Creator\3.3\PSoC Creator\psoc\content\cycomponentlibrary\CyComponentLibrary.cylib\BLE_v2_30\Library\gccCyBLEStack_BLE_SOC_PERIPHERAL.a(CyBleStackMgr_BleSSDriver.o)
                0x000025b8                CyBleStackMgr_BleSSRegWrite

i.CyBleStackMgr_BleSSReset
                0x000025c4       0x38
 i.CyBleStackMgr_BleSSReset
                0x000025c4       0x38 C:\Program Files (x86)\Cypress\PSoC Creator\3.3\PSoC Creator\psoc\content\cycomponentlibrary\CyComponentLibrary.cylib\BLE_v2_30\Library\gccCyBLEStack_BLE_SOC_PERIPHERAL.a(CyBleStackMgr_BleSSDriver.o)
                0x000025c4                CyBleStackMgr_BleSSReset

i.CyBleStackMgr_BleSSShutdown
                0x000025fc       0x24
 i.CyBleStackMgr_BleSSShutdown
                0x000025fc       0x24 C:\Program Files (x86)\Cypress\PSoC Creator\3.3\PSoC Creator\psoc\content\cycomponentlibrary\CyComponentLibrary.cylib\BLE_v2_30\Library\gccCyBLEStack_BLE_SOC_PERIPHERAL.a(CyBleStackMgr_BleSSDriver.o)
                0x000025fc                CyBleStackMgr_BleSSShutdown

i.CyBleStackMgr_GenericIface
                0x00002620       0x3c
 i.CyBleStackMgr_GenericIface
                0x00002620       0x3c C:\Program Files (x86)\Cypress\PSoC Creator\3.3\PSoC Creator\psoc\content\cycomponentlibrary\CyComponentLibrary.cylib\BLE_v2_30\Library\gccCyBLEStack_BLE_SOC_PERIPHERAL.a(CyBleStackMgr_BleSSDriver.o)
                0x00002620                CyBleStackMgr_GenericIface

i.CyBleStackMgr_HandleBleSSIntr
                0x0000265c       0x90
 i.CyBleStackMgr_HandleBleSSIntr
                0x0000265c       0x90 C:\Program Files (x86)\Cypress\PSoC Creator\3.3\PSoC Creator\psoc\content\cycomponentlibrary\CyComponentLibrary.cylib\BLE_v2_30\Library\gccCyBLEStack_BLE_SOC_PERIPHERAL.a(CyBleStackMgr_BleSSDriver.o)
                0x0000265c                CyBleStackMgr_HandleBleSSIntr

i.CyBleStackMgr_SetClockParam
                0x000026ec       0xb4
 i.CyBleStackMgr_SetClockParam
                0x000026ec       0xb4 C:\Program Files (x86)\Cypress\PSoC Creator\3.3\PSoC Creator\psoc\content\cycomponentlibrary\CyComponentLibrary.cylib\BLE_v2_30\Library\gccCyBLEStack_BLE_SOC_PERIPHERAL.a(CyBleStackMgr_BleSSDriver.o)

i.CyBleStackMgr_isXtalCpuClkSource
                0x000027a0       0x18
 i.CyBleStackMgr_isXtalCpuClkSource
                0x000027a0       0x18 C:\Program Files (x86)\Cypress\PSoC Creator\3.3\PSoC Creator\psoc\content\cycomponentlibrary\CyComponentLibrary.cylib\BLE_v2_30\Library\gccCyBLEStack_BLE_SOC_PERIPHERAL.a(CyBleStackMgr_BleSSDriver.o)
                0x000027a0                CyBleStackMgr_isXtalCpuClkSource

i.CyBle_EnterDsmMode
                0x000027b8       0x3c
 i.CyBle_EnterDsmMode
                0x000027b8       0x3c C:\Program Files (x86)\Cypress\PSoC Creator\3.3\PSoC Creator\psoc\content\cycomponentlibrary\CyComponentLibrary.cylib\BLE_v2_30\Library\gccCyBLEStack_BLE_SOC_PERIPHERAL.a(CyBleStackMgr_BleSSDriver.o)
                0x000027b8                CyBle_EnterDsmMode

i.CyBle_ExitDsmMode
                0x000027f4       0x2c
 i.CyBle_ExitDsmMode
                0x000027f4       0x2c C:\Program Files (x86)\Cypress\PSoC Creator\3.3\PSoC Creator\psoc\content\cycomponentlibrary\CyComponentLibrary.cylib\BLE_v2_30\Library\gccCyBLEStack_BLE_SOC_PERIPHERAL.a(CyBleStackMgr_BleSSDriver.o)
                0x000027f4                CyBle_ExitDsmMode

i.CyBle_GetBleSsOperationalMode
                0x00002820        0xc
 i.CyBle_GetBleSsOperationalMode
                0x00002820        0xc C:\Program Files (x86)\Cypress\PSoC Creator\3.3\PSoC Creator\psoc\content\cycomponentlibrary\CyComponentLibrary.cylib\BLE_v2_30\Library\gccCyBLEStack_BLE_SOC_PERIPHERAL.a(CyBleStackMgr_BleSSDriver.o)
                0x00002820                CyBle_GetBleSsOperationalMode

i.CyBle_GetLpMode
                0x0000282c       0x26
 i.CyBle_GetLpMode
                0x0000282c       0x26 C:\Program Files (x86)\Cypress\PSoC Creator\3.3\PSoC Creator\psoc\content\cycomponentlibrary\CyComponentLibrary.cylib\BLE_v2_30\Library\gccCyBLEStack_BLE_SOC_PERIPHERAL.a(CyBleStackMgr_BleSSDriver.o)
                0x0000282c                CyBle_GetLpMode

i.CyBle_GetTxGainMode
                0x00002854       0x2c
 i.CyBle_GetTxGainMode
                0x00002854       0x2c C:\Program Files (x86)\Cypress\PSoC Creator\3.3\PSoC Creator\psoc\content\cycomponentlibrary\CyComponentLibrary.cylib\BLE_v2_30\Library\gccCyBLEStack_BLE_SOC_PERIPHERAL.a(CyBleStackMgr_BleSSDriver.o)
                0x00002854                CyBle_GetTxGainMode

i.CyBle_SetAutoWakeUp
                0x00002880        0xc
 i.CyBle_SetAutoWakeUp
                0x00002880        0xc C:\Program Files (x86)\Cypress\PSoC Creator\3.3\PSoC Creator\psoc\content\cycomponentlibrary\CyComponentLibrary.cylib\BLE_v2_30\Library\gccCyBLEStack_BLE_SOC_PERIPHERAL.a(CyBleStackMgr_BleSSDriver.o)
                0x00002880                CyBle_SetAutoWakeUp

i.CyBle_SetBleSsOperationalMode
                0x0000288c       0x20
 i.CyBle_SetBleSsOperationalMode
                0x0000288c       0x20 C:\Program Files (x86)\Cypress\PSoC Creator\3.3\PSoC Creator\psoc\content\cycomponentlibrary\CyComponentLibrary.cylib\BLE_v2_30\Library\gccCyBLEStack_BLE_SOC_PERIPHERAL.a(CyBleStackMgr_BleSSDriver.o)
                0x0000288c                CyBle_SetBleSsOperationalMode

i.CyBle_SetEventCloseState
                0x000028ac        0xc
 i.CyBle_SetEventCloseState
                0x000028ac        0xc C:\Program Files (x86)\Cypress\PSoC Creator\3.3\PSoC Creator\psoc\content\cycomponentlibrary\CyComponentLibrary.cylib\BLE_v2_30\Library\gccCyBLEStack_BLE_SOC_PERIPHERAL.a(CyBleStackMgr_BleSSDriver.o)
                0x000028ac                CyBle_SetEventCloseState

i.CyBle_SetRxGainMode
                0x000028b8       0x20
 i.CyBle_SetRxGainMode
                0x000028b8       0x20 C:\Program Files (x86)\Cypress\PSoC Creator\3.3\PSoC Creator\psoc\content\cycomponentlibrary\CyComponentLibrary.cylib\BLE_v2_30\Library\gccCyBLEStack_BLE_SOC_PERIPHERAL.a(CyBleStackMgr_BleSSDriver.o)
                0x000028b8                CyBle_SetRxGainMode

i.CyBle_SetTxGainMode
                0x000028d8       0x38
 i.CyBle_SetTxGainMode
                0x000028d8       0x38 C:\Program Files (x86)\Cypress\PSoC Creator\3.3\PSoC Creator\psoc\content\cycomponentlibrary\CyComponentLibrary.cylib\BLE_v2_30\Library\gccCyBLEStack_BLE_SOC_PERIPHERAL.a(CyBleStackMgr_BleSSDriver.o)
                0x000028d8                CyBle_SetTxGainMode

i.pf_rf_get_abs_rssi
                0x00002910       0x24
 i.pf_rf_get_abs_rssi
                0x00002910       0x24 C:\Program Files (x86)\Cypress\PSoC Creator\3.3\PSoC Creator\psoc\content\cycomponentlibrary\CyComponentLibrary.cylib\BLE_v2_30\Library\gccCyBLEStack_BLE_SOC_PERIPHERAL.a(CyBleStackMgr_BleSSDriver.o)
                0x00002910                pf_rf_get_abs_rssi

i.BleStackFlashStorageInit
                0x00002934       0x74
 i.BleStackFlashStorageInit
                0x00002934       0x74 C:\Program Files (x86)\Cypress\PSoC Creator\3.3\PSoC Creator\psoc\content\cycomponentlibrary\CyComponentLibrary.cylib\BLE_v2_30\Library\gccCyBLEStack_BLE_SOC_PERIPHERAL.a(storage_pl.o)
                0x00002934                BleStackFlashStorageInit

i.BleStackWriteToFlashPending
                0x000029a8       0x24
 i.BleStackWriteToFlashPending
                0x000029a8       0x24 C:\Program Files (x86)\Cypress\PSoC Creator\3.3\PSoC Creator\psoc\content\cycomponentlibrary\CyComponentLibrary.cylib\BLE_v2_30\Library\gccCyBLEStack_BLE_SOC_PERIPHERAL.a(storage_pl.o)
                0x000029a8                BleStackWriteToFlashPending

i.BleStackWriteToFlashRam
                0x000029cc       0x70
 i.BleStackWriteToFlashRam
                0x000029cc       0x70 C:\Program Files (x86)\Cypress\PSoC Creator\3.3\PSoC Creator\psoc\content\cycomponentlibrary\CyComponentLibrary.cylib\BLE_v2_30\Library\gccCyBLEStack_BLE_SOC_PERIPHERAL.a(storage_pl.o)
                0x000029cc                BleStackWriteToFlashRam

i.storage_bt_init_pl
                0x00002a3c       0x28
 i.storage_bt_init_pl
                0x00002a3c       0x28 C:\Program Files (x86)\Cypress\PSoC Creator\3.3\PSoC Creator\psoc\content\cycomponentlibrary\CyComponentLibrary.cylib\BLE_v2_30\Library\gccCyBLEStack_BLE_SOC_PERIPHERAL.a(storage_pl.o)
                0x00002a3c                storage_bt_init_pl

i.storage_close_pl
                0x00002a64        0x4
 i.storage_close_pl
                0x00002a64        0x4 C:\Program Files (x86)\Cypress\PSoC Creator\3.3\PSoC Creator\psoc\content\cycomponentlibrary\CyComponentLibrary.cylib\BLE_v2_30\Library\gccCyBLEStack_BLE_SOC_PERIPHERAL.a(storage_pl.o)
                0x00002a64                storage_close_pl

i.storage_open_pl
                0x00002a68       0x1c
 i.storage_open_pl
                0x00002a68       0x1c C:\Program Files (x86)\Cypress\PSoC Creator\3.3\PSoC Creator\psoc\content\cycomponentlibrary\CyComponentLibrary.cylib\BLE_v2_30\Library\gccCyBLEStack_BLE_SOC_PERIPHERAL.a(storage_pl.o)
                0x00002a68                storage_open_pl

i.storage_read_pl
                0x00002a84       0x28
 i.storage_read_pl
                0x00002a84       0x28 C:\Program Files (x86)\Cypress\PSoC Creator\3.3\PSoC Creator\psoc\content\cycomponentlibrary\CyComponentLibrary.cylib\BLE_v2_30\Library\gccCyBLEStack_BLE_SOC_PERIPHERAL.a(storage_pl.o)
                0x00002a84                storage_read_pl

i.storage_read_signature_pl
                0x00002aac       0x2c
 i.storage_read_signature_pl
                0x00002aac       0x2c C:\Program Files (x86)\Cypress\PSoC Creator\3.3\PSoC Creator\psoc\content\cycomponentlibrary\CyComponentLibrary.cylib\BLE_v2_30\Library\gccCyBLEStack_BLE_SOC_PERIPHERAL.a(storage_pl.o)
                0x00002aac                storage_read_signature_pl

i.storage_register_flash_pointer
                0x00002ad8       0x20
 i.storage_register_flash_pointer
                0x00002ad8       0x20 C:\Program Files (x86)\Cypress\PSoC Creator\3.3\PSoC Creator\psoc\content\cycomponentlibrary\CyComponentLibrary.cylib\BLE_v2_30\Library\gccCyBLEStack_BLE_SOC_PERIPHERAL.a(storage_pl.o)
                0x00002ad8                storage_register_flash_pointer

i.storage_reset_storage_offset
                0x00002af8       0x10
 i.storage_reset_storage_offset
                0x00002af8       0x10 C:\Program Files (x86)\Cypress\PSoC Creator\3.3\PSoC Creator\psoc\content\cycomponentlibrary\CyComponentLibrary.cylib\BLE_v2_30\Library\gccCyBLEStack_BLE_SOC_PERIPHERAL.a(storage_pl.o)

i.storage_write_pl
                0x00002b08       0x24
 i.storage_write_pl
                0x00002b08       0x24 C:\Program Files (x86)\Cypress\PSoC Creator\3.3\PSoC Creator\psoc\content\cycomponentlibrary\CyComponentLibrary.cylib\BLE_v2_30\Library\gccCyBLEStack_BLE_SOC_PERIPHERAL.a(storage_pl.o)
                0x00002b08                storage_write_pl

i.storage_write_signature_pl
                0x00002b2c       0x14
 i.storage_write_signature_pl
                0x00002b2c       0x14 C:\Program Files (x86)\Cypress\PSoC Creator\3.3\PSoC Creator\psoc\content\cycomponentlibrary\CyComponentLibrary.cylib\BLE_v2_30\Library\gccCyBLEStack_BLE_SOC_PERIPHERAL.a(storage_pl.o)
                0x00002b2c                storage_write_signature_pl

i.OS_init       0x00002b40       0x64
 i.OS_init      0x00002b40       0x64 C:\Program Files (x86)\Cypress\PSoC Creator\3.3\PSoC Creator\psoc\content\cycomponentlibrary\CyComponentLibrary.cylib\BLE_v2_30\Library\gccCyBLEStack_BLE_SOC_PERIPHERAL.a(mint_os.o)
                0x00002b40                OS_init

i.mintos_malloc
                0x00002ba4       0x34
 i.mintos_malloc
                0x00002ba4       0x34 C:\Program Files (x86)\Cypress\PSoC Creator\3.3\PSoC Creator\psoc\content\cycomponentlibrary\CyComponentLibrary.cylib\BLE_v2_30\Library\gccCyBLEStack_BLE_SOC_PERIPHERAL.a(mint_os.o)
                0x00002ba4                mintos_malloc

i.OS_create_queue
                0x00002bd8       0x64
 i.OS_create_queue
                0x00002bd8       0x64 C:\Program Files (x86)\Cypress\PSoC Creator\3.3\PSoC Creator\psoc\content\cycomponentlibrary\CyComponentLibrary.cylib\BLE_v2_30\Library\gccCyBLEStack_BLE_SOC_PERIPHERAL.a(mint_os_queue.o)
                0x00002bd8                OS_create_queue

i.OS_enqueue_item
                0x00002c3c       0x8c
 i.OS_enqueue_item
                0x00002c3c       0x8c C:\Program Files (x86)\Cypress\PSoC Creator\3.3\PSoC Creator\psoc\content\cycomponentlibrary\CyComponentLibrary.cylib\BLE_v2_30\Library\gccCyBLEStack_BLE_SOC_PERIPHERAL.a(mint_os_queue.o)
                0x00002c3c                OS_enqueue_item

i.OS_queue_get_num_of_items
                0x00002cc8       0x28
 i.OS_queue_get_num_of_items
                0x00002cc8       0x28 C:\Program Files (x86)\Cypress\PSoC Creator\3.3\PSoC Creator\psoc\content\cycomponentlibrary\CyComponentLibrary.cylib\BLE_v2_30\Library\gccCyBLEStack_BLE_SOC_PERIPHERAL.a(mint_os_queue.o)
                0x00002cc8                OS_queue_get_num_of_items

i.OS_queue_mgmt_init
                0x00002cf0       0x40
 i.OS_queue_mgmt_init
                0x00002cf0       0x40 C:\Program Files (x86)\Cypress\PSoC Creator\3.3\PSoC Creator\psoc\content\cycomponentlibrary\CyComponentLibrary.cylib\BLE_v2_30\Library\gccCyBLEStack_BLE_SOC_PERIPHERAL.a(mint_os_queue.o)
                0x00002cf0                OS_queue_mgmt_init

i.OS_remove_item
                0x00002d30       0xa0
 i.OS_remove_item
                0x00002d30       0xa0 C:\Program Files (x86)\Cypress\PSoC Creator\3.3\PSoC Creator\psoc\content\cycomponentlibrary\CyComponentLibrary.cylib\BLE_v2_30\Library\gccCyBLEStack_BLE_SOC_PERIPHERAL.a(mint_os_queue.o)
                0x00002d30                OS_remove_item

i.OS_create_task
                0x00002dd0       0x88
 i.OS_create_task
                0x00002dd0       0x88 C:\Program Files (x86)\Cypress\PSoC Creator\3.3\PSoC Creator\psoc\content\cycomponentlibrary\CyComponentLibrary.cylib\BLE_v2_30\Library\gccCyBLEStack_BLE_SOC_PERIPHERAL.a(mint_os_task.o)
                0x00002dd0                OS_create_task

i.OS_isr_send_signal_to_task
                0x00002e58        0xc
 i.OS_isr_send_signal_to_task
                0x00002e58        0xc C:\Program Files (x86)\Cypress\PSoC Creator\3.3\PSoC Creator\psoc\content\cycomponentlibrary\CyComponentLibrary.cylib\BLE_v2_30\Library\gccCyBLEStack_BLE_SOC_PERIPHERAL.a(mint_os_task.o)
                0x00002e58                OS_isr_send_signal_to_task

i.OS_scheduler  0x00002e64       0x64
 i.OS_scheduler
                0x00002e64       0x64 C:\Program Files (x86)\Cypress\PSoC Creator\3.3\PSoC Creator\psoc\content\cycomponentlibrary\CyComponentLibrary.cylib\BLE_v2_30\Library\gccCyBLEStack_BLE_SOC_PERIPHERAL.a(mint_os_task.o)
                0x00002e64                OS_scheduler

i.OS_send_signal_to_task
                0x00002ec8        0xc
 i.OS_send_signal_to_task
                0x00002ec8        0xc C:\Program Files (x86)\Cypress\PSoC Creator\3.3\PSoC Creator\psoc\content\cycomponentlibrary\CyComponentLibrary.cylib\BLE_v2_30\Library\gccCyBLEStack_BLE_SOC_PERIPHERAL.a(mint_os_task.o)
                0x00002ec8                OS_send_signal_to_task

i.OS_send_signal_to_task_context
                0x00002ed4       0x3c
 i.OS_send_signal_to_task_context
                0x00002ed4       0x3c C:\Program Files (x86)\Cypress\PSoC Creator\3.3\PSoC Creator\psoc\content\cycomponentlibrary\CyComponentLibrary.cylib\BLE_v2_30\Library\gccCyBLEStack_BLE_SOC_PERIPHERAL.a(mint_os_task.o)

i.OS_task_mgmt_init
                0x00002f10       0x50
 i.OS_task_mgmt_init
                0x00002f10       0x50 C:\Program Files (x86)\Cypress\PSoC Creator\3.3\PSoC Creator\psoc\content\cycomponentlibrary\CyComponentLibrary.cylib\BLE_v2_30\Library\gccCyBLEStack_BLE_SOC_PERIPHERAL.a(mint_os_task.o)
                0x00002f10                OS_task_mgmt_init

i.mint_buf_mgmt_allocate_buffer
                0x00002f60       0x4c
 i.mint_buf_mgmt_allocate_buffer
                0x00002f60       0x4c C:\Program Files (x86)\Cypress\PSoC Creator\3.3\PSoC Creator\psoc\content\cycomponentlibrary\CyComponentLibrary.cylib\BLE_v2_30\Library\gccCyBLEStack_BLE_SOC_PERIPHERAL.a(mint_buf_mgmt.o)
                0x00002f60                mint_buf_mgmt_allocate_buffer

i.mint_buf_mgmt_create_pool
                0x00002fac       0xd0
 i.mint_buf_mgmt_create_pool
                0x00002fac       0xd0 C:\Program Files (x86)\Cypress\PSoC Creator\3.3\PSoC Creator\psoc\content\cycomponentlibrary\CyComponentLibrary.cylib\BLE_v2_30\Library\gccCyBLEStack_BLE_SOC_PERIPHERAL.a(mint_buf_mgmt.o)
                0x00002fac                mint_buf_mgmt_create_pool

i.mint_buf_mgmt_free_buffer
                0x0000307c       0xa4
 i.mint_buf_mgmt_free_buffer
                0x0000307c       0xa4 C:\Program Files (x86)\Cypress\PSoC Creator\3.3\PSoC Creator\psoc\content\cycomponentlibrary\CyComponentLibrary.cylib\BLE_v2_30\Library\gccCyBLEStack_BLE_SOC_PERIPHERAL.a(mint_buf_mgmt.o)
                0x0000307c                mint_buf_mgmt_free_buffer

i.mint_buf_mgmt_init
                0x00003120       0x44
 i.mint_buf_mgmt_init
                0x00003120       0x44 C:\Program Files (x86)\Cypress\PSoC Creator\3.3\PSoC Creator\psoc\content\cycomponentlibrary\CyComponentLibrary.cylib\BLE_v2_30\Library\gccCyBLEStack_BLE_SOC_PERIPHERAL.a(mint_buf_mgmt.o)
                0x00003120                mint_buf_mgmt_init

i.mint_buf_mgmt_malloc
                0x00003164       0x2c
 i.mint_buf_mgmt_malloc
                0x00003164       0x2c C:\Program Files (x86)\Cypress\PSoC Creator\3.3\PSoC Creator\psoc\content\cycomponentlibrary\CyComponentLibrary.cylib\BLE_v2_30\Library\gccCyBLEStack_BLE_SOC_PERIPHERAL.a(mint_buf_mgmt.o)
                0x00003164                mint_buf_mgmt_malloc

i.mint_buf_mgmt_pl_init
                0x00003190       0x48
 i.mint_buf_mgmt_pl_init
                0x00003190       0x48 C:\Program Files (x86)\Cypress\PSoC Creator\3.3\PSoC Creator\psoc\content\cycomponentlibrary\CyComponentLibrary.cylib\BLE_v2_30\Library\gccCyBLEStack_BLE_SOC_PERIPHERAL.a(mint_buf_mgmt.o)
                0x00003190                mint_buf_mgmt_pl_init

i.mint_buf_mgmt_reset_pool
                0x000031d8       0x70
 i.mint_buf_mgmt_reset_pool
                0x000031d8       0x70 C:\Program Files (x86)\Cypress\PSoC Creator\3.3\PSoC Creator\psoc\content\cycomponentlibrary\CyComponentLibrary.cylib\BLE_v2_30\Library\gccCyBLEStack_BLE_SOC_PERIPHERAL.a(mint_buf_mgmt.o)
                0x000031d8                mint_buf_mgmt_reset_pool

i.mint_buf_mgmt_stack_init
                0x00003248       0x24
 i.mint_buf_mgmt_stack_init
                0x00003248       0x24 C:\Program Files (x86)\Cypress\PSoC Creator\3.3\PSoC Creator\psoc\content\cycomponentlibrary\CyComponentLibrary.cylib\BLE_v2_30\Library\gccCyBLEStack_BLE_SOC_PERIPHERAL.a(mint_buf_mgmt.o)
                0x00003248                mint_buf_mgmt_stack_init

i.mint_buf_mgmt_stack_pop
                0x0000326c       0x36
 i.mint_buf_mgmt_stack_pop
                0x0000326c       0x36 C:\Program Files (x86)\Cypress\PSoC Creator\3.3\PSoC Creator\psoc\content\cycomponentlibrary\CyComponentLibrary.cylib\BLE_v2_30\Library\gccCyBLEStack_BLE_SOC_PERIPHERAL.a(mint_buf_mgmt.o)
                0x0000326c                mint_buf_mgmt_stack_pop

i.mint_buf_mgmt_stack_push
                0x000032a2       0x36
 i.mint_buf_mgmt_stack_push
                0x000032a2       0x36 C:\Program Files (x86)\Cypress\PSoC Creator\3.3\PSoC Creator\psoc\content\cycomponentlibrary\CyComponentLibrary.cylib\BLE_v2_30\Library\gccCyBLEStack_BLE_SOC_PERIPHERAL.a(mint_buf_mgmt.o)
                0x000032a2                mint_buf_mgmt_stack_push

i.mint_buf_mgmt_stack_reset
                0x000032d8       0x1e
 i.mint_buf_mgmt_stack_reset
                0x000032d8       0x1e C:\Program Files (x86)\Cypress\PSoC Creator\3.3\PSoC Creator\psoc\content\cycomponentlibrary\CyComponentLibrary.cylib\BLE_v2_30\Library\gccCyBLEStack_BLE_SOC_PERIPHERAL.a(mint_buf_mgmt.o)
                0x000032d8                mint_buf_mgmt_stack_reset

i.mint_buf_mgmt_stack_search_item
                0x000032f6       0x30
 i.mint_buf_mgmt_stack_search_item
                0x000032f6       0x30 C:\Program Files (x86)\Cypress\PSoC Creator\3.3\PSoC Creator\psoc\content\cycomponentlibrary\CyComponentLibrary.cylib\BLE_v2_30\Library\gccCyBLEStack_BLE_SOC_PERIPHERAL.a(mint_buf_mgmt.o)
                0x000032f6                mint_buf_mgmt_stack_search_item

i.CyBleControllerIP_GetPingState
                0x00003328        0xc
 i.CyBleControllerIP_GetPingState
                0x00003328        0xc C:\Program Files (x86)\Cypress\PSoC Creator\3.3\PSoC Creator\psoc\content\cycomponentlibrary\CyComponentLibrary.cylib\BLE_v2_30\Library\gccCyBLEStack_BLE_SOC_PERIPHERAL.a(CyBleControllerIP_Interface.o)
                0x00003328                CyBleControllerIP_GetPingState

i.CyBleController_AddDeviceToWhiteList
                0x00003334       0x40
 i.CyBleController_AddDeviceToWhiteList
                0x00003334       0x40 C:\Program Files (x86)\Cypress\PSoC Creator\3.3\PSoC Creator\psoc\content\cycomponentlibrary\CyComponentLibrary.cylib\BLE_v2_30\Library\gccCyBLEStack_BLE_SOC_PERIPHERAL.a(CyBleControllerIP_Interface.o)
                0x00003334                CyBleController_AddDeviceToWhiteList

i.CyBleController_EnterLowPowerMode
                0x00003374       0x2c
 i.CyBleController_EnterLowPowerMode
                0x00003374       0x2c C:\Program Files (x86)\Cypress\PSoC Creator\3.3\PSoC Creator\psoc\content\cycomponentlibrary\CyComponentLibrary.cylib\BLE_v2_30\Library\gccCyBLEStack_BLE_SOC_PERIPHERAL.a(CyBleControllerIP_Interface.o)
                0x00003374                CyBleController_EnterLowPowerMode

i.CyBleController_ExitLowPowerMode
                0x000033a0       0x10
 i.CyBleController_ExitLowPowerMode
                0x000033a0       0x10 C:\Program Files (x86)\Cypress\PSoC Creator\3.3\PSoC Creator\psoc\content\cycomponentlibrary\CyComponentLibrary.cylib\BLE_v2_30\Library\gccCyBLEStack_BLE_SOC_PERIPHERAL.a(CyBleControllerIP_Interface.o)
                0x000033a0                CyBleController_ExitLowPowerMode

i.CyBleController_Init
                0x000033b0       0x32
 i.CyBleController_Init
                0x000033b0       0x32 C:\Program Files (x86)\Cypress\PSoC Creator\3.3\PSoC Creator\psoc\content\cycomponentlibrary\CyComponentLibrary.cylib\BLE_v2_30\Library\gccCyBLEStack_BLE_SOC_PERIPHERAL.a(CyBleControllerIP_Interface.o)
                0x000033b0                CyBleController_Init

i.CyBleController_SetDeviceAddress
                0x000033e2       0x2e
 i.CyBleController_SetDeviceAddress
                0x000033e2       0x2e C:\Program Files (x86)\Cypress\PSoC Creator\3.3\PSoC Creator\psoc\content\cycomponentlibrary\CyComponentLibrary.cylib\BLE_v2_30\Library\gccCyBLEStack_BLE_SOC_PERIPHERAL.a(CyBleControllerIP_Interface.o)
                0x000033e2                CyBleController_SetDeviceAddress

i.CyBle_GetTxPowerLevel
                0x00003410       0x4e
 i.CyBle_GetTxPowerLevel
                0x00003410       0x4e C:\Program Files (x86)\Cypress\PSoC Creator\3.3\PSoC Creator\psoc\content\cycomponentlibrary\CyComponentLibrary.cylib\BLE_v2_30\Library\gccCyBLEStack_BLE_SOC_PERIPHERAL.a(CyBleControllerIP_Interface.o)
                0x00003410                CyBle_GetTxPowerLevel

i.CyBle_SetTxPowerLevel
                0x0000345e       0x56
 i.CyBle_SetTxPowerLevel
                0x0000345e       0x56 C:\Program Files (x86)\Cypress\PSoC Creator\3.3\PSoC Creator\psoc\content\cycomponentlibrary\CyComponentLibrary.cylib\BLE_v2_30\Library\gccCyBLEStack_BLE_SOC_PERIPHERAL.a(CyBleControllerIP_Interface.o)
                0x0000345e                CyBle_SetTxPowerLevel

i.ll_check_and_mark_packet_ready_for_transmission
                0x000034b4       0x28
 i.ll_check_and_mark_packet_ready_for_transmission
                0x000034b4       0x28 C:\Program Files (x86)\Cypress\PSoC Creator\3.3\PSoC Creator\psoc\content\cycomponentlibrary\CyComponentLibrary.cylib\BLE_v2_30\Library\gccCyBLEStack_BLE_SOC_PERIPHERAL.a(ll.o)
                0x000034b4                ll_check_and_mark_packet_ready_for_transmission

i.ll_cleanup_pending_data_pdu
                0x000034dc       0x38
 i.ll_cleanup_pending_data_pdu
                0x000034dc       0x38 C:\Program Files (x86)\Cypress\PSoC Creator\3.3\PSoC Creator\psoc\content\cycomponentlibrary\CyComponentLibrary.cylib\BLE_v2_30\Library\gccCyBLEStack_BLE_SOC_PERIPHERAL.a(ll.o)
                0x000034dc                ll_cleanup_pending_data_pdu

i.ll_enter_dsm_mode
                0x00003514      0x1a4
 i.ll_enter_dsm_mode
                0x00003514      0x1a4 C:\Program Files (x86)\Cypress\PSoC Creator\3.3\PSoC Creator\psoc\content\cycomponentlibrary\CyComponentLibrary.cylib\BLE_v2_30\Library\gccCyBLEStack_BLE_SOC_PERIPHERAL.a(ll.o)
                0x00003514                ll_enter_dsm_mode

i.ll_enter_hibernate_mode
                0x000036b8       0x28
 i.ll_enter_hibernate_mode
                0x000036b8       0x28 C:\Program Files (x86)\Cypress\PSoC Creator\3.3\PSoC Creator\psoc\content\cycomponentlibrary\CyComponentLibrary.cylib\BLE_v2_30\Library\gccCyBLEStack_BLE_SOC_PERIPHERAL.a(ll.o)
                0x000036b8                ll_enter_hibernate_mode

i.ll_enter_sm_mode
                0x000036e0       0x60
 i.ll_enter_sm_mode
                0x000036e0       0x60 C:\Program Files (x86)\Cypress\PSoC Creator\3.3\PSoC Creator\psoc\content\cycomponentlibrary\CyComponentLibrary.cylib\BLE_v2_30\Library\gccCyBLEStack_BLE_SOC_PERIPHERAL.a(ll.o)
                0x000036e0                ll_enter_sm_mode

i.ll_exit_low_power_mode
                0x00003740       0xac
 i.ll_exit_low_power_mode
                0x00003740       0xac C:\Program Files (x86)\Cypress\PSoC Creator\3.3\PSoC Creator\psoc\content\cycomponentlibrary\CyComponentLibrary.cylib\BLE_v2_30\Library\gccCyBLEStack_BLE_SOC_PERIPHERAL.a(ll.o)
                0x00003740                ll_exit_low_power_mode

i.ll_get_ack_status
                0x000037ec       0x3c
 i.ll_get_ack_status
                0x000037ec       0x3c C:\Program Files (x86)\Cypress\PSoC Creator\3.3\PSoC Creator\psoc\content\cycomponentlibrary\CyComponentLibrary.cylib\BLE_v2_30\Library\gccCyBLEStack_BLE_SOC_PERIPHERAL.a(ll.o)
                0x000037ec                ll_get_ack_status

i.ll_get_ack_status_for_all_connections
                0x00003828       0x34
 i.ll_get_ack_status_for_all_connections
                0x00003828       0x34 C:\Program Files (x86)\Cypress\PSoC Creator\3.3\PSoC Creator\psoc\content\cycomponentlibrary\CyComponentLibrary.cylib\BLE_v2_30\Library\gccCyBLEStack_BLE_SOC_PERIPHERAL.a(ll.o)
                0x00003828                ll_get_ack_status_for_all_connections

i.ll_get_adv_ch_tx_power
                0x0000385c       0x20
 i.ll_get_adv_ch_tx_power
                0x0000385c       0x20 C:\Program Files (x86)\Cypress\PSoC Creator\3.3\PSoC Creator\psoc\content\cycomponentlibrary\CyComponentLibrary.cylib\BLE_v2_30\Library\gccCyBLEStack_BLE_SOC_PERIPHERAL.a(ll.o)
                0x0000385c                ll_get_adv_ch_tx_power

i.ll_get_data_channel_map
                0x0000387c       0x24
 i.ll_get_data_channel_map
                0x0000387c       0x24 C:\Program Files (x86)\Cypress\PSoC Creator\3.3\PSoC Creator\psoc\content\cycomponentlibrary\CyComponentLibrary.cylib\BLE_v2_30\Library\gccCyBLEStack_BLE_SOC_PERIPHERAL.a(ll.o)
                0x0000387c                ll_get_data_channel_map

i.ll_get_max_white_list_size
                0x000038a0        0xc
 i.ll_get_max_white_list_size
                0x000038a0        0xc C:\Program Files (x86)\Cypress\PSoC Creator\3.3\PSoC Creator\psoc\content\cycomponentlibrary\CyComponentLibrary.cylib\BLE_v2_30\Library\gccCyBLEStack_BLE_SOC_PERIPHERAL.a(ll.o)
                0x000038a0                ll_get_max_white_list_size

i.ll_get_my_role
                0x000038ac        0xc
 i.ll_get_my_role
                0x000038ac        0xc C:\Program Files (x86)\Cypress\PSoC Creator\3.3\PSoC Creator\psoc\content\cycomponentlibrary\CyComponentLibrary.cylib\BLE_v2_30\Library\gccCyBLEStack_BLE_SOC_PERIPHERAL.a(ll.o)
                0x000038ac                ll_get_my_role

i.ll_get_next_available_fifo_for_data_pdu
                0x000038b8        0x8
 i.ll_get_next_available_fifo_for_data_pdu
                0x000038b8        0x8 C:\Program Files (x86)\Cypress\PSoC Creator\3.3\PSoC Creator\psoc\content\cycomponentlibrary\CyComponentLibrary.cylib\BLE_v2_30\Library\gccCyBLEStack_BLE_SOC_PERIPHERAL.a(ll.o)
                0x000038b8                ll_get_next_available_fifo_for_data_pdu

i.ll_get_next_available_fifo_for_ll_pdu
                0x000038c0       0x24
 i.ll_get_next_available_fifo_for_ll_pdu
                0x000038c0       0x24 C:\Program Files (x86)\Cypress\PSoC Creator\3.3\PSoC Creator\psoc\content\cycomponentlibrary\CyComponentLibrary.cylib\BLE_v2_30\Library\gccCyBLEStack_BLE_SOC_PERIPHERAL.a(ll.o)
                0x000038c0                ll_get_next_available_fifo_for_ll_pdu

i.ll_get_rssi_value
                0x000038e4       0x26
 i.ll_get_rssi_value
                0x000038e4       0x26 C:\Program Files (x86)\Cypress\PSoC Creator\3.3\PSoC Creator\psoc\content\cycomponentlibrary\CyComponentLibrary.cylib\BLE_v2_30\Library\gccCyBLEStack_BLE_SOC_PERIPHERAL.a(ll.o)
                0x000038e4                ll_get_rssi_value

i.ll_get_transmit_power_level
                0x0000390c       0x2c
 i.ll_get_transmit_power_level
                0x0000390c       0x2c C:\Program Files (x86)\Cypress\PSoC Creator\3.3\PSoC Creator\psoc\content\cycomponentlibrary\CyComponentLibrary.cylib\BLE_v2_30\Library\gccCyBLEStack_BLE_SOC_PERIPHERAL.a(ll.o)
                0x0000390c                ll_get_transmit_power_level

i.ll_handle_ack_received
                0x00003938       0x74
 i.ll_handle_ack_received
                0x00003938       0x74 C:\Program Files (x86)\Cypress\PSoC Creator\3.3\PSoC Creator\psoc\content\cycomponentlibrary\CyComponentLibrary.cylib\BLE_v2_30\Library\gccCyBLEStack_BLE_SOC_PERIPHERAL.a(ll.o)
                0x00003938                ll_handle_ack_received

i.ll_handle_add_device_in_whitelist
                0x000039ac       0x3a
 i.ll_handle_add_device_in_whitelist
                0x000039ac       0x3a C:\Program Files (x86)\Cypress\PSoC Creator\3.3\PSoC Creator\psoc\content\cycomponentlibrary\CyComponentLibrary.cylib\BLE_v2_30\Library\gccCyBLEStack_BLE_SOC_PERIPHERAL.a(ll.o)
                0x000039ac                ll_handle_add_device_in_whitelist

i.ll_handle_clear_whitelist
                0x000039e6       0x16
 i.ll_handle_clear_whitelist
                0x000039e6       0x16 C:\Program Files (x86)\Cypress\PSoC Creator\3.3\PSoC Creator\psoc\content\cycomponentlibrary\CyComponentLibrary.cylib\BLE_v2_30\Library\gccCyBLEStack_BLE_SOC_PERIPHERAL.a(ll.o)
                0x000039e6                ll_handle_clear_whitelist

i.ll_handle_encrypt_host_data
                0x000039fc       0x36
 i.ll_handle_encrypt_host_data
                0x000039fc       0x36 C:\Program Files (x86)\Cypress\PSoC Creator\3.3\PSoC Creator\psoc\content\cycomponentlibrary\CyComponentLibrary.cylib\BLE_v2_30\Library\gccCyBLEStack_BLE_SOC_PERIPHERAL.a(ll.o)
                0x000039fc                ll_handle_encrypt_host_data

i.ll_handle_host_data_packet
                0x00003a32       0x54
 i.ll_handle_host_data_packet
                0x00003a32       0x54 C:\Program Files (x86)\Cypress\PSoC Creator\3.3\PSoC Creator\psoc\content\cycomponentlibrary\CyComponentLibrary.cylib\BLE_v2_30\Library\gccCyBLEStack_BLE_SOC_PERIPHERAL.a(ll.o)
                0x00003a32                ll_handle_host_data_packet

i.ll_handle_read_host_channel_map
                0x00003a86        0x4
 i.ll_handle_read_host_channel_map
                0x00003a86        0x4 C:\Program Files (x86)\Cypress\PSoC Creator\3.3\PSoC Creator\psoc\content\cycomponentlibrary\CyComponentLibrary.cylib\BLE_v2_30\Library\gccCyBLEStack_BLE_SOC_PERIPHERAL.a(ll.o)
                0x00003a86                ll_handle_read_host_channel_map

i.ll_handle_remove_device_in_whitelist
                0x00003a8a       0x2a
 i.ll_handle_remove_device_in_whitelist
                0x00003a8a       0x2a C:\Program Files (x86)\Cypress\PSoC Creator\3.3\PSoC Creator\psoc\content\cycomponentlibrary\CyComponentLibrary.cylib\BLE_v2_30\Library\gccCyBLEStack_BLE_SOC_PERIPHERAL.a(ll.o)
                0x00003a8a                ll_handle_remove_device_in_whitelist

i.ll_handle_reset
                0x00003ab4        0xe
 i.ll_handle_reset
                0x00003ab4        0xe C:\Program Files (x86)\Cypress\PSoC Creator\3.3\PSoC Creator\psoc\content\cycomponentlibrary\CyComponentLibrary.cylib\BLE_v2_30\Library\gccCyBLEStack_BLE_SOC_PERIPHERAL.a(ll.o)
                0x00003ab4                ll_handle_reset

i.ll_handle_set_random_address
                0x00003ac2       0x36
 i.ll_handle_set_random_address
                0x00003ac2       0x36 C:\Program Files (x86)\Cypress\PSoC Creator\3.3\PSoC Creator\psoc\content\cycomponentlibrary\CyComponentLibrary.cylib\BLE_v2_30\Library\gccCyBLEStack_BLE_SOC_PERIPHERAL.a(ll.o)
                0x00003ac2                ll_handle_set_random_address

i.ll_init       0x00003af8       0x18
 i.ll_init      0x00003af8       0x18 C:\Program Files (x86)\Cypress\PSoC Creator\3.3\PSoC Creator\psoc\content\cycomponentlibrary\CyComponentLibrary.cylib\BLE_v2_30\Library\gccCyBLEStack_BLE_SOC_PERIPHERAL.a(ll.o)
                0x00003af8                ll_init

i.ll_initialize_device_attributes
                0x00003b10       0x4c
 i.ll_initialize_device_attributes
                0x00003b10       0x4c C:\Program Files (x86)\Cypress\PSoC Creator\3.3\PSoC Creator\psoc\content\cycomponentlibrary\CyComponentLibrary.cylib\BLE_v2_30\Library\gccCyBLEStack_BLE_SOC_PERIPHERAL.a(ll.o)
                0x00003b10                ll_initialize_device_attributes

i.ll_is_pkt_pending
                0x00003b5c       0x2a
 i.ll_is_pkt_pending
                0x00003b5c       0x2a C:\Program Files (x86)\Cypress\PSoC Creator\3.3\PSoC Creator\psoc\content\cycomponentlibrary\CyComponentLibrary.cylib\BLE_v2_30\Library\gccCyBLEStack_BLE_SOC_PERIPHERAL.a(ll.o)
                0x00003b5c                ll_is_pkt_pending

i.ll_is_sent_pkt_pending
                0x00003b86       0x1a
 i.ll_is_sent_pkt_pending
                0x00003b86       0x1a C:\Program Files (x86)\Cypress\PSoC Creator\3.3\PSoC Creator\psoc\content\cycomponentlibrary\CyComponentLibrary.cylib\BLE_v2_30\Library\gccCyBLEStack_BLE_SOC_PERIPHERAL.a(ll.o)
                0x00003b86                ll_is_sent_pkt_pending

i.ll_isr_exit_low_power_mode
                0x00003ba0       0x16
 i.ll_isr_exit_low_power_mode
                0x00003ba0       0x16 C:\Program Files (x86)\Cypress\PSoC Creator\3.3\PSoC Creator\psoc\content\cycomponentlibrary\CyComponentLibrary.cylib\BLE_v2_30\Library\gccCyBLEStack_BLE_SOC_PERIPHERAL.a(ll.o)
                0x00003ba0                ll_isr_exit_low_power_mode

i.ll_load_host_data_packet
                0x00003bb6       0x4a
 i.ll_load_host_data_packet
                0x00003bb6       0x4a C:\Program Files (x86)\Cypress\PSoC Creator\3.3\PSoC Creator\psoc\content\cycomponentlibrary\CyComponentLibrary.cylib\BLE_v2_30\Library\gccCyBLEStack_BLE_SOC_PERIPHERAL.a(ll.o)
                0x00003bb6                ll_load_host_data_packet

i.ll_load_packet_to_fifo
                0x00003c00       0x6e
 i.ll_load_packet_to_fifo
                0x00003c00       0x6e C:\Program Files (x86)\Cypress\PSoC Creator\3.3\PSoC Creator\psoc\content\cycomponentlibrary\CyComponentLibrary.cylib\BLE_v2_30\Library\gccCyBLEStack_BLE_SOC_PERIPHERAL.a(ll.o)
                0x00003c00                ll_load_packet_to_fifo

i.ll_process_acks
                0x00003c6e       0x3c
 i.ll_process_acks
                0x00003c6e       0x3c C:\Program Files (x86)\Cypress\PSoC Creator\3.3\PSoC Creator\psoc\content\cycomponentlibrary\CyComponentLibrary.cylib\BLE_v2_30\Library\gccCyBLEStack_BLE_SOC_PERIPHERAL.a(ll.o)
                0x00003c6e                ll_process_acks

i.ll_reset      0x00003caa       0x12
 i.ll_reset     0x00003caa       0x12 C:\Program Files (x86)\Cypress\PSoC Creator\3.3\PSoC Creator\psoc\content\cycomponentlibrary\CyComponentLibrary.cylib\BLE_v2_30\Library\gccCyBLEStack_BLE_SOC_PERIPHERAL.a(ll.o)
                0x00003caa                ll_reset

i.ll_update_active_features
                0x00003cbc       0x58
 i.ll_update_active_features
                0x00003cbc       0x58 C:\Program Files (x86)\Cypress\PSoC Creator\3.3\PSoC Creator\psoc\content\cycomponentlibrary\CyComponentLibrary.cylib\BLE_v2_30\Library\gccCyBLEStack_BLE_SOC_PERIPHERAL.a(ll.o)
                0x00003cbc                ll_update_active_features

i.ll_update_device_fsm
                0x00003d14        0x8
 i.ll_update_device_fsm
                0x00003d14        0x8 C:\Program Files (x86)\Cypress\PSoC Creator\3.3\PSoC Creator\psoc\content\cycomponentlibrary\CyComponentLibrary.cylib\BLE_v2_30\Library\gccCyBLEStack_BLE_SOC_PERIPHERAL.a(ll.o)
                0x00003d14                ll_update_device_fsm

i.pf_le_start_timer
                0x00003d1c       0x16
 i.pf_le_start_timer
                0x00003d1c       0x16 C:\Program Files (x86)\Cypress\PSoC Creator\3.3\PSoC Creator\psoc\content\cycomponentlibrary\CyComponentLibrary.cylib\BLE_v2_30\Library\gccCyBLEStack_BLE_SOC_PERIPHERAL.a(ll.o)
                0x00003d1c                pf_le_start_timer

i.pf_le_stop_timer
                0x00003d32       0x12
 i.pf_le_stop_timer
                0x00003d32       0x12 C:\Program Files (x86)\Cypress\PSoC Creator\3.3\PSoC Creator\psoc\content\cycomponentlibrary\CyComponentLibrary.cylib\BLE_v2_30\Library\gccCyBLEStack_BLE_SOC_PERIPHERAL.a(ll.o)
                0x00003d32                pf_le_stop_timer

i.CyBleControllerIP_TuneAdvEventInterPktSlots
                0x00003d44       0x44
 i.CyBleControllerIP_TuneAdvEventInterPktSlots
                0x00003d44       0x44 C:\Program Files (x86)\Cypress\PSoC Creator\3.3\PSoC Creator\psoc\content\cycomponentlibrary\CyComponentLibrary.cylib\BLE_v2_30\Library\gccCyBLEStack_BLE_SOC_PERIPHERAL.a(ll_advertiser.o)
                0x00003d44                CyBleControllerIP_TuneAdvEventInterPktSlots

i.ll_adv_is_configured_connection_adv
                0x00003d88       0x1e
 i.ll_adv_is_configured_connection_adv
                0x00003d88       0x1e C:\Program Files (x86)\Cypress\PSoC Creator\3.3\PSoC Creator\psoc\content\cycomponentlibrary\CyComponentLibrary.cylib\BLE_v2_30\Library\gccCyBLEStack_BLE_SOC_PERIPHERAL.a(ll_advertiser.o)
                0x00003d88                ll_adv_is_configured_connection_adv

i.ll_check_random_address_in_use_by_advertiser
                0x00003da6       0x10
 i.ll_check_random_address_in_use_by_advertiser
                0x00003da6       0x10 C:\Program Files (x86)\Cypress\PSoC Creator\3.3\PSoC Creator\psoc\content\cycomponentlibrary\CyComponentLibrary.cylib\BLE_v2_30\Library\gccCyBLEStack_BLE_SOC_PERIPHERAL.a(ll_advertiser.o)
                0x00003da6                ll_check_random_address_in_use_by_advertiser

i.ll_check_whitelist_in_use_by_advertiser
                0x00003db6       0x10
 i.ll_check_whitelist_in_use_by_advertiser
                0x00003db6       0x10 C:\Program Files (x86)\Cypress\PSoC Creator\3.3\PSoC Creator\psoc\content\cycomponentlibrary\CyComponentLibrary.cylib\BLE_v2_30\Library\gccCyBLEStack_BLE_SOC_PERIPHERAL.a(ll_advertiser.o)
                0x00003db6                ll_check_whitelist_in_use_by_advertiser

i.ll_get_adv_status
                0x00003dc6        0xc
 i.ll_get_adv_status
                0x00003dc6        0xc C:\Program Files (x86)\Cypress\PSoC Creator\3.3\PSoC Creator\psoc\content\cycomponentlibrary\CyComponentLibrary.cylib\BLE_v2_30\Library\gccCyBLEStack_BLE_SOC_PERIPHERAL.a(ll_advertiser.o)
                0x00003dc6                ll_get_adv_status

i.ll_get_adv_type
                0x00003dd2       0x16
 i.ll_get_adv_type
                0x00003dd2       0x16 C:\Program Files (x86)\Cypress\PSoC Creator\3.3\PSoC Creator\psoc\content\cycomponentlibrary\CyComponentLibrary.cylib\BLE_v2_30\Library\gccCyBLEStack_BLE_SOC_PERIPHERAL.a(ll_advertiser.o)
                0x00003dd2                ll_get_adv_type

i.ll_handle_adv_intr
                0x00003de8       0x50
 i.ll_handle_adv_intr
                0x00003de8       0x50 C:\Program Files (x86)\Cypress\PSoC Creator\3.3\PSoC Creator\psoc\content\cycomponentlibrary\CyComponentLibrary.cylib\BLE_v2_30\Library\gccCyBLEStack_BLE_SOC_PERIPHERAL.a(ll_advertiser.o)
                0x00003de8                ll_handle_adv_intr

i.ll_handle_set_adv_data
                0x00003e38       0x14
 i.ll_handle_set_adv_data
                0x00003e38       0x14 C:\Program Files (x86)\Cypress\PSoC Creator\3.3\PSoC Creator\psoc\content\cycomponentlibrary\CyComponentLibrary.cylib\BLE_v2_30\Library\gccCyBLEStack_BLE_SOC_PERIPHERAL.a(ll_advertiser.o)
                0x00003e38                ll_handle_set_adv_data

i.ll_handle_set_adv_parameters
                0x00003e4c       0x84
 i.ll_handle_set_adv_parameters
                0x00003e4c       0x84 C:\Program Files (x86)\Cypress\PSoC Creator\3.3\PSoC Creator\psoc\content\cycomponentlibrary\CyComponentLibrary.cylib\BLE_v2_30\Library\gccCyBLEStack_BLE_SOC_PERIPHERAL.a(ll_advertiser.o)
                0x00003e4c                ll_handle_set_adv_parameters

i.ll_handle_set_advertise_enable
                0x00003ed0       0x78
 i.ll_handle_set_advertise_enable
                0x00003ed0       0x78 C:\Program Files (x86)\Cypress\PSoC Creator\3.3\PSoC Creator\psoc\content\cycomponentlibrary\CyComponentLibrary.cylib\BLE_v2_30\Library\gccCyBLEStack_BLE_SOC_PERIPHERAL.a(ll_advertiser.o)
                0x00003ed0                ll_handle_set_advertise_enable

i.ll_handle_set_scan_resp_data
                0x00003f48       0x14
 i.ll_handle_set_scan_resp_data
                0x00003f48       0x14 C:\Program Files (x86)\Cypress\PSoC Creator\3.3\PSoC Creator\psoc\content\cycomponentlibrary\CyComponentLibrary.cylib\BLE_v2_30\Library\gccCyBLEStack_BLE_SOC_PERIPHERAL.a(ll_advertiser.o)
                0x00003f48                ll_handle_set_scan_resp_data

i.ll_init_advertiser
                0x00003f5c       0x68
 i.ll_init_advertiser
                0x00003f5c       0x68 C:\Program Files (x86)\Cypress\PSoC Creator\3.3\PSoC Creator\psoc\content\cycomponentlibrary\CyComponentLibrary.cylib\BLE_v2_30\Library\gccCyBLEStack_BLE_SOC_PERIPHERAL.a(ll_advertiser.o)
                0x00003f5c                ll_init_advertiser

i.is_le_connection_handle
                0x00003fc4       0x28
 i.is_le_connection_handle
                0x00003fc4       0x28 C:\Program Files (x86)\Cypress\PSoC Creator\3.3\PSoC Creator\psoc\content\cycomponentlibrary\CyComponentLibrary.cylib\BLE_v2_30\Library\gccCyBLEStack_BLE_SOC_PERIPHERAL.a(ll_connection.o)
                0x00003fc4                is_le_connection_handle

i.le_assign_connection_handle
                0x00003fec       0x28
 i.le_assign_connection_handle
                0x00003fec       0x28 C:\Program Files (x86)\Cypress\PSoC Creator\3.3\PSoC Creator\psoc\content\cycomponentlibrary\CyComponentLibrary.cylib\BLE_v2_30\Library\gccCyBLEStack_BLE_SOC_PERIPHERAL.a(ll_connection.o)
                0x00003fec                le_assign_connection_handle

i.le_get_connection_index
                0x00004014        0x6
 i.le_get_connection_index
                0x00004014        0x6 C:\Program Files (x86)\Cypress\PSoC Creator\3.3\PSoC Creator\psoc\content\cycomponentlibrary\CyComponentLibrary.cylib\BLE_v2_30\Library\gccCyBLEStack_BLE_SOC_PERIPHERAL.a(ll_connection.o)
                0x00004014                le_get_connection_index

i.ll_allocate_connection
                0x0000401c       0x44
 i.ll_allocate_connection
                0x0000401c       0x44 C:\Program Files (x86)\Cypress\PSoC Creator\3.3\PSoC Creator\psoc\content\cycomponentlibrary\CyComponentLibrary.cylib\BLE_v2_30\Library\gccCyBLEStack_BLE_SOC_PERIPHERAL.a(ll_connection.o)
                0x0000401c                ll_allocate_connection

i.ll_calculate_and_program_def_win_widen_drift
                0x00004060       0x14
 i.ll_calculate_and_program_def_win_widen_drift
                0x00004060       0x14 C:\Program Files (x86)\Cypress\PSoC Creator\3.3\PSoC Creator\psoc\content\cycomponentlibrary\CyComponentLibrary.cylib\BLE_v2_30\Library\gccCyBLEStack_BLE_SOC_PERIPHERAL.a(ll_connection.o)
                0x00004060                ll_calculate_and_program_def_win_widen_drift

i.ll_calculate_drift
                0x00004074       0x2c
 i.ll_calculate_drift
                0x00004074       0x2c C:\Program Files (x86)\Cypress\PSoC Creator\3.3\PSoC Creator\psoc\content\cycomponentlibrary\CyComponentLibrary.cylib\BLE_v2_30\Library\gccCyBLEStack_BLE_SOC_PERIPHERAL.a(ll_connection.o)
                0x00004074                ll_calculate_drift

i.ll_check_and_decrypt_ll_pdu
                0x000040a0       0x68
 i.ll_check_and_decrypt_ll_pdu
                0x000040a0       0x68 C:\Program Files (x86)\Cypress\PSoC Creator\3.3\PSoC Creator\psoc\content\cycomponentlibrary\CyComponentLibrary.cylib\BLE_v2_30\Library\gccCyBLEStack_BLE_SOC_PERIPHERAL.a(ll_connection.o)
                0x000040a0                ll_check_and_decrypt_ll_pdu

i.ll_check_and_decrypt_packet
                0x00004108       0x6a
 i.ll_check_and_decrypt_packet
                0x00004108       0x6a C:\Program Files (x86)\Cypress\PSoC Creator\3.3\PSoC Creator\psoc\content\cycomponentlibrary\CyComponentLibrary.cylib\BLE_v2_30\Library\gccCyBLEStack_BLE_SOC_PERIPHERAL.a(ll_connection.o)